[    1279ms] [LOG] [PosthogIdentify] Check: {userId: fa54c9a0-e333-4bd0-bc8f-d18394227330, email: email@patiagency.com, posthogReady: true} @ https://app.trendtrack.io/_next/static/chunks/0f8d_.0e-e64l.js:5
[    1279ms] [LOG] [PosthogIdentify] Identifying user: fa54c9a0-e333-4bd0-bc8f-d18394227330 @ https://app.trendtrack.io/_next/static/chunks/0f8d_.0e-e64l.js:5
[    1292ms] [LOG] [Churnkey] Embed v1.0.63 @ https://app.trendtrack.io/_next/static/chunks/0f8d_.0e-e64l.js:5
[    1565ms] [ERROR] Failed to load resource: the server responded with a status of 422 () @ https://t.firstpromoter.com/tr:0
[    1785ms] Uncaught TypeError: a[c] is not a function
    at <anonymous> (https://www.clarity.ms/tag/qzxsxqt0go:0:29)
    at <anonymous> (https://www.clarity.ms/tag/qzxsxqt0go:0:370)
[   32430ms] [ERROR] Failed to load resource: net::ERR_TIMED_OUT @ https://api-iam.intercom.io/messenger/web/launcher_settings:0
[   32436ms] [ERROR] Failed to load resource: net::ERR_TIMED_OUT @ https://api-iam.intercom.io/messenger/web/ping:0
[   33067ms] [ERROR] Failed to load resource: net::ERR_CONNECTION_CLOSED @ https://r2.trendtrack.io/profile_picture/145963862751924.jpg:0
[   33075ms] [ERROR] Failed to load resource: net::ERR_CONNECTION_CLOSED @ https://r2.trendtrack.io/profile_picture/1106500705879907.jpg:0
[   33080ms] [ERROR] Failed to load resource: net::ERR_CONNECTION_CLOSED @ https://r2.trendtrack.io/profile_picture/1065514799987026.jpg:0
[   34065ms] [ERROR] Failed to load resource: net::ERR_CONNECTION_CLOSED @ https://medias.trendtrack.io/thumbnails/facebook/1636536907579164.jpg:0
[   34070ms] [ERROR] Failed to load resource: net::ERR_CONNECTION_CLOSED @ https://medias.trendtrack.io/thumbnails/facebook/2411653252630207.jpg:0
[   34070ms] [ERROR] Failed to load resource: net::ERR_CONNECTION_CLOSED @ https://medias.trendtrack.io/thumbnails/facebook/1462953435862899.jpg:0
[   34070ms] [ERROR] Failed to load resource: net::ERR_CONNECTION_CLOSED @ https://medias.trendtrack.io/thumbnails/facebook/838330019279312.jpg:0
[   34070ms] [ERROR] Failed to load resource: net::ERR_CONNECTION_CLOSED @ https://medias.trendtrack.io/thumbnails/facebook/1092286830636932.jpg:0
[   34070ms] [ERROR] Failed to load resource: net::ERR_CONNECTION_CLOSED @ https://medias.trendtrack.io/thumbnails/facebook/2503561993408093.jpg:0
[   59234ms] [ERROR] Failed to load resource: the server responded with a status of 400 () @ https://app.trendtrack.io/api/ads/filters:0
[   64306ms] [ERROR] Failed to load resource: net::ERR_CONNECTION_CLOSED @ https://medias.trendtrack.io/thumbnails/facebook/1319732166959151.jpg:0
[   64307ms] [ERROR] Failed to load resource: net::ERR_CONNECTION_CLOSED @ https://medias.trendtrack.io/thumbnails/facebook/1157357399850379.jpg:0
[   64310ms] [ERROR] Failed to load resource: net::ERR_CONNECTION_CLOSED @ https://medias.trendtrack.io/thumbnails/facebook/1636536907579164.jpg:0
[   64310ms] [ERROR] Failed to load resource: net::ERR_CONNECTION_CLOSED @ https://medias.trendtrack.io/thumbnails/facebook/2411653252630207.jpg:0
[   64350ms] [ERROR] Failed to load resource: net::ERR_CONNECTION_CLOSED @ https://medias.trendtrack.io/thumbnails/facebook/1462953435862899.jpg:0
[   64350ms] [ERROR] Failed to load resource: net::ERR_CONNECTION_CLOSED @ https://medias.trendtrack.io/thumbnails/facebook/838330019279312.jpg:0
[   94450ms] [ERROR] Failed to load resource: net::ERR_CONNECTION_CLOSED @ https://medias.trendtrack.io/thumbnails/facebook/1092286830636932.jpg:0
[   94458ms] [ERROR] Failed to load resource: net::ERR_CONNECTION_CLOSED @ https://medias.trendtrack.io/thumbnails/facebook/2503561993408093.jpg:0
[   94479ms] [ERROR] Failed to load resource: net::ERR_CONNECTION_CLOSED @ https://medias.trendtrack.io/thumbnails/facebook/1319732166959151.jpg:0
[   94581ms] [ERROR] Failed to load resource: net::ERR_CONNECTION_CLOSED @ https://medias.trendtrack.io/thumbnails/facebook/1157357399850379.jpg:0
[ 3779794ms] [ERROR] WebSocket connection to 'wss://services.trendtrack.io/realtime/v1/websocket?apikey=eyJhbGciOiJIUzI1NiIsInR5cCI6IkpXVCJ9.eyJpc3MiOiJzdXBhYmFzZSIsInJlZiI6Iml4a3Rvd3FvZGJ5bnZvbGZjZHBkIiwicm9sZSI6ImFub24iLCJpYXQiOjE3MjY5MTA0ODIsImV4cCI6MjA0MjQ4NjQ4Mn0.5mCv3c-dKYbhKHjnXIvQl_Of_ck_LEzkMcG3G1jjcuU&vsn=1.0.0' failed: Error in connection establishment: net::ERR_CONNECTION_CLOSED @ https://app.trendtrack.io/_next/static/chunks/0v.p-x8whhxc3.js:6
[ 3812064ms] [ERROR] WebSocket connection to 'wss://services.trendtrack.io/realtime/v1/websocket?apikey=eyJhbGciOiJIUzI1NiIsInR5cCI6IkpXVCJ9.eyJpc3MiOiJzdXBhYmFzZSIsInJlZiI6Iml4a3Rvd3FvZGJ5bnZvbGZjZHBkIiwicm9sZSI6ImFub24iLCJpYXQiOjE3MjY5MTA0ODIsImV4cCI6MjA0MjQ4NjQ4Mn0.5mCv3c-dKYbhKHjnXIvQl_Of_ck_LEzkMcG3G1jjcuU&vsn=1.0.0' failed: Error in connection establishment: net::ERR_CONNECTION_CLOSED @ https://app.trendtrack.io/_next/static/chunks/0v.p-x8whhxc3.js:6
[ 3847325ms] [ERROR] WebSocket connection to 'wss://services.trendtrack.io/realtime/v1/websocket?apikey=eyJhbGciOiJIUzI1NiIsInR5cCI6IkpXVCJ9.eyJpc3MiOiJzdXBhYmFzZSIsInJlZiI6Iml4a3Rvd3FvZGJ5bnZvbGZjZHBkIiwicm9sZSI6ImFub24iLCJpYXQiOjE3MjY5MTA0ODIsImV4cCI6MjA0MjQ4NjQ4Mn0.5mCv3c-dKYbhKHjnXIvQl_Of_ck_LEzkMcG3G1jjcuU&vsn=1.0.0' failed: Error in connection establishment: net::ERR_CONNECTION_CLOSED @ https://app.trendtrack.io/_next/static/chunks/0v.p-x8whhxc3.js:6
[ 3887565ms] [ERROR] WebSocket connection to 'wss://services.trendtrack.io/realtime/v1/websocket?apikey=eyJhbGciOiJIUzI1NiIsInR5cCI6IkpXVCJ9.eyJpc3MiOiJzdXBhYmFzZSIsInJlZiI6Iml4a3Rvd3FvZGJ5bnZvbGZjZHBkIiwicm9sZSI6ImFub24iLCJpYXQiOjE3MjY5MTA0ODIsImV4cCI6MjA0MjQ4NjQ4Mn0.5mCv3c-dKYbhKHjnXIvQl_Of_ck_LEzkMcG3G1jjcuU&vsn=1.0.0' failed: Error in connection establishment: net::ERR_CONNECTION_CLOSED @ https://app.trendtrack.io/_next/static/chunks/0v.p-x8whhxc3.js:6
[ 3927819ms] [ERROR] WebSocket connection to 'wss://services.trendtrack.io/realtime/v1/websocket?apikey=eyJhbGciOiJIUzI1NiIsInR5cCI6IkpXVCJ9.eyJpc3MiOiJzdXBhYmFzZSIsInJlZiI6Iml4a3Rvd3FvZGJ5bnZvbGZjZHBkIiwicm9sZSI6ImFub24iLCJpYXQiOjE3MjY5MTA0ODIsImV4cCI6MjA0MjQ4NjQ4Mn0.5mCv3c-dKYbhKHjnXIvQl_Of_ck_LEzkMcG3G1jjcuU&vsn=1.0.0' failed: Error in connection establishment: net::ERR_CONNECTION_CLOSED @ https://app.trendtrack.io/_next/static/chunks/0v.p-x8whhxc3.js:6
[ 3968326ms] [ERROR] WebSocket connection to 'wss://services.trendtrack.io/realtime/v1/websocket?apikey=eyJhbGciOiJIUzI1NiIsInR5cCI6IkpXVCJ9.eyJpc3MiOiJzdXBhYmFzZSIsInJlZiI6Iml4a3Rvd3FvZGJ5bnZvbGZjZHBkIiwicm9sZSI6ImFub24iLCJpYXQiOjE3MjY5MTA0ODIsImV4cCI6MjA0MjQ4NjQ4Mn0.5mCv3c-dKYbhKHjnXIvQl_Of_ck_LEzkMcG3G1jjcuU&vsn=1.0.0' failed: Error in connection establishment: net::ERR_CONNECTION_CLOSED @ https://app.trendtrack.io/_next/static/chunks/0v.p-x8whhxc3.js:6
[ 4008670ms] [ERROR] WebSocket connection to 'wss://services.trendtrack.io/realtime/v1/websocket?apikey=eyJhbGciOiJIUzI1NiIsInR5cCI6IkpXVCJ9.eyJpc3MiOiJzdXBhYmFzZSIsInJlZiI6Iml4a3Rvd3FvZGJ5bnZvbGZjZHBkIiwicm9sZSI6ImFub24iLCJpYXQiOjE3MjY5MTA0ODIsImV4cCI6MjA0MjQ4NjQ4Mn0.5mCv3c-dKYbhKHjnXIvQl_Of_ck_LEzkMcG3G1jjcuU&vsn=1.0.0' failed: Error in connection establishment: net::ERR_CONNECTION_CLOSED @ https://app.trendtrack.io/_next/static/chunks/0v.p-x8whhxc3.js:6
[ 4049120ms] [ERROR] WebSocket connection to 'wss://services.trendtrack.io/realtime/v1/websocket?apikey=eyJhbGciOiJIUzI1NiIsInR5cCI6IkpXVCJ9.eyJpc3MiOiJzdXBhYmFzZSIsInJlZiI6Iml4a3Rvd3FvZGJ5bnZvbGZjZHBkIiwicm9sZSI6ImFub24iLCJpYXQiOjE3MjY5MTA0ODIsImV4cCI6MjA0MjQ4NjQ4Mn0.5mCv3c-dKYbhKHjnXIvQl_Of_ck_LEzkMcG3G1jjcuU&vsn=1.0.0' failed: Error in connection establishment: net::ERR_CONNECTION_CLOSED @ https://app.trendtrack.io/_next/static/chunks/0v.p-x8whhxc3.js:6
[ 4089422ms] [ERROR] WebSocket connection to 'wss://services.trendtrack.io/realtime/v1/websocket?apikey=eyJhbGciOiJIUzI1NiIsInR5cCI6IkpXVCJ9.eyJpc3MiOiJzdXBhYmFzZSIsInJlZiI6Iml4a3Rvd3FvZGJ5bnZvbGZjZHBkIiwicm9sZSI6ImFub24iLCJpYXQiOjE3MjY5MTA0ODIsImV4cCI6MjA0MjQ4NjQ4Mn0.5mCv3c-dKYbhKHjnXIvQl_Of_ck_LEzkMcG3G1jjcuU&vsn=1.0.0' failed: Error in connection establishment: net::ERR_CONNECTION_CLOSED @ https://app.trendtrack.io/_next/static/chunks/0v.p-x8whhxc3.js:6
[ 4130346ms] [ERROR] WebSocket connection to 'wss://services.trendtrack.io/realtime/v1/websocket?apikey=eyJhbGciOiJIUzI1NiIsInR5cCI6IkpXVCJ9.eyJpc3MiOiJzdXBhYmFzZSIsInJlZiI6Iml4a3Rvd3FvZGJ5bnZvbGZjZHBkIiwicm9sZSI6ImFub24iLCJpYXQiOjE3MjY5MTA0ODIsImV4cCI6MjA0MjQ4NjQ4Mn0.5mCv3c-dKYbhKHjnXIvQl_Of_ck_LEzkMcG3G1jjcuU&vsn=1.0.0' failed: Error in connection establishment: net::ERR_CONNECTION_CLOSED @ https://app.trendtrack.io/_next/static/chunks/0v.p-x8whhxc3.js:6
[ 4170846ms] [ERROR] WebSocket connection to 'wss://services.trendtrack.io/realtime/v1/websocket?apikey=eyJhbGciOiJIUzI1NiIsInR5cCI6IkpXVCJ9.eyJpc3MiOiJzdXBhYmFzZSIsInJlZiI6Iml4a3Rvd3FvZGJ5bnZvbGZjZHBkIiwicm9sZSI6ImFub24iLCJpYXQiOjE3MjY5MTA0ODIsImV4cCI6MjA0MjQ4NjQ4Mn0.5mCv3c-dKYbhKHjnXIvQl_Of_ck_LEzkMcG3G1jjcuU&vsn=1.0.0' failed: Error in connection establishment: net::ERR_CONNECTION_CLOSED @ https://app.trendtrack.io/_next/static/chunks/0v.p-x8whhxc3.js:6
[ 4211343ms] [ERROR] WebSocket connection to 'wss://services.trendtrack.io/realtime/v1/websocket?apikey=eyJhbGciOiJIUzI1NiIsInR5cCI6IkpXVCJ9.eyJpc3MiOiJzdXBhYmFzZSIsInJlZiI6Iml4a3Rvd3FvZGJ5bnZvbGZjZHBkIiwicm9sZSI6ImFub24iLCJpYXQiOjE3MjY5MTA0ODIsImV4cCI6MjA0MjQ4NjQ4Mn0.5mCv3c-dKYbhKHjnXIvQl_Of_ck_LEzkMcG3G1jjcuU&vsn=1.0.0' failed: Error in connection establishment: net::ERR_CONNECTION_CLOSED @ https://app.trendtrack.io/_next/static/chunks/0v.p-x8whhxc3.js:6
[ 4252247ms] [ERROR] WebSocket connection to 'wss://services.trendtrack.io/realtime/v1/websocket?apikey=eyJhbGciOiJIUzI1NiIsInR5cCI6IkpXVCJ9.eyJpc3MiOiJzdXBhYmFzZSIsInJlZiI6Iml4a3Rvd3FvZGJ5bnZvbGZjZHBkIiwicm9sZSI6ImFub24iLCJpYXQiOjE3MjY5MTA0ODIsImV4cCI6MjA0MjQ4NjQ4Mn0.5mCv3c-dKYbhKHjnXIvQl_Of_ck_LEzkMcG3G1jjcuU&vsn=1.0.0' failed: Error in connection establishment: net::ERR_CONNECTION_CLOSED @ https://app.trendtrack.io/_next/static/chunks/0v.p-x8whhxc3.js:6
[ 4292935ms] [ERROR] WebSocket connection to 'wss://services.trendtrack.io/realtime/v1/websocket?apikey=eyJhbGciOiJIUzI1NiIsInR5cCI6IkpXVCJ9.eyJpc3MiOiJzdXBhYmFzZSIsInJlZiI6Iml4a3Rvd3FvZGJ5bnZvbGZjZHBkIiwicm9sZSI6ImFub24iLCJpYXQiOjE3MjY5MTA0ODIsImV4cCI6MjA0MjQ4NjQ4Mn0.5mCv3c-dKYbhKHjnXIvQl_Of_ck_LEzkMcG3G1jjcuU&vsn=1.0.0' failed: Error in connection establishment: net::ERR_CONNECTION_CLOSED @ https://app.trendtrack.io/_next/static/chunks/0v.p-x8whhxc3.js:6
[ 4333549ms] [ERROR] WebSocket connection to 'wss://services.trendtrack.io/realtime/v1/websocket?apikey=eyJhbGciOiJIUzI1NiIsInR5cCI6IkpXVCJ9.eyJpc3MiOiJzdXBhYmFzZSIsInJlZiI6Iml4a3Rvd3FvZGJ5bnZvbGZjZHBkIiwicm9sZSI6ImFub24iLCJpYXQiOjE3MjY5MTA0ODIsImV4cCI6MjA0MjQ4NjQ4Mn0.5mCv3c-dKYbhKHjnXIvQl_Of_ck_LEzkMcG3G1jjcuU&vsn=1.0.0' failed: Error in connection establishment: net::ERR_CONNECTION_CLOSED @ https://app.trendtrack.io/_next/static/chunks/0v.p-x8whhxc3.js:6
[ 4374295ms] [ERROR] WebSocket connection to 'wss://services.trendtrack.io/realtime/v1/websocket?apikey=eyJhbGciOiJIUzI1NiIsInR5cCI6IkpXVCJ9.eyJpc3MiOiJzdXBhYmFzZSIsInJlZiI6Iml4a3Rvd3FvZGJ5bnZvbGZjZHBkIiwicm9sZSI6ImFub24iLCJpYXQiOjE3MjY5MTA0ODIsImV4cCI6MjA0MjQ4NjQ4Mn0.5mCv3c-dKYbhKHjnXIvQl_Of_ck_LEzkMcG3G1jjcuU&vsn=1.0.0' failed: Error in connection establishment: net::ERR_CONNECTION_CLOSED @ https://app.trendtrack.io/_next/static/chunks/0v.p-x8whhxc3.js:6
[ 4415744ms] [ERROR] WebSocket connection to 'wss://services.trendtrack.io/realtime/v1/websocket?apikey=eyJhbGciOiJIUzI1NiIsInR5cCI6IkpXVCJ9.eyJpc3MiOiJzdXBhYmFzZSIsInJlZiI6Iml4a3Rvd3FvZGJ5bnZvbGZjZHBkIiwicm9sZSI6ImFub24iLCJpYXQiOjE3MjY5MTA0ODIsImV4cCI6MjA0MjQ4NjQ4Mn0.5mCv3c-dKYbhKHjnXIvQl_Of_ck_LEzkMcG3G1jjcuU&vsn=1.0.0' failed: Error in connection establishment: net::ERR_CONNECTION_CLOSED @ https://app.trendtrack.io/_next/static/chunks/0v.p-x8whhxc3.js:6
[ 4456130ms] [ERROR] WebSocket connection to 'wss://services.trendtrack.io/realtime/v1/websocket?apikey=eyJhbGciOiJIUzI1NiIsInR5cCI6IkpXVCJ9.eyJpc3MiOiJzdXBhYmFzZSIsInJlZiI6Iml4a3Rvd3FvZGJ5bnZvbGZjZHBkIiwicm9sZSI6ImFub24iLCJpYXQiOjE3MjY5MTA0ODIsImV4cCI6MjA0MjQ4NjQ4Mn0.5mCv3c-dKYbhKHjnXIvQl_Of_ck_LEzkMcG3G1jjcuU&vsn=1.0.0' failed: Error in connection establishment: net::ERR_CONNECTION_CLOSED @ https://app.trendtrack.io/_next/static/chunks/0v.p-x8whhxc3.js:6
[ 4496906ms] [ERROR] WebSocket connection to 'wss://services.trendtrack.io/realtime/v1/websocket?apikey=eyJhbGciOiJIUzI1NiIsInR5cCI6IkpXVCJ9.eyJpc3MiOiJzdXBhYmFzZSIsInJlZiI6Iml4a3Rvd3FvZGJ5bnZvbGZjZHBkIiwicm9sZSI6ImFub24iLCJpYXQiOjE3MjY5MTA0ODIsImV4cCI6MjA0MjQ4NjQ4Mn0.5mCv3c-dKYbhKHjnXIvQl_Of_ck_LEzkMcG3G1jjcuU&vsn=1.0.0' failed: Error in connection establishment: net::ERR_CONNECTION_CLOSED @ https://app.trendtrack.io/_next/static/chunks/0v.p-x8whhxc3.js:6
[ 4537855ms] [ERROR] WebSocket connection to 'wss://services.trendtrack.io/realtime/v1/websocket?apikey=eyJhbGciOiJIUzI1NiIsInR5cCI6IkpXVCJ9.eyJpc3MiOiJzdXBhYmFzZSIsInJlZiI6Iml4a3Rvd3FvZGJ5bnZvbGZjZHBkIiwicm9sZSI6ImFub24iLCJpYXQiOjE3MjY5MTA0ODIsImV4cCI6MjA0MjQ4NjQ4Mn0.5mCv3c-dKYbhKHjnXIvQl_Of_ck_LEzkMcG3G1jjcuU&vsn=1.0.0' failed: Error in connection establishment: net::ERR_CONNECTION_CLOSED @ https://app.trendtrack.io/_next/static/chunks/0v.p-x8whhxc3.js:6
[ 4578307ms] [ERROR] WebSocket connection to 'wss://services.trendtrack.io/realtime/v1/websocket?apikey=eyJhbGciOiJIUzI1NiIsInR5cCI6IkpXVCJ9.eyJpc3MiOiJzdXBhYmFzZSIsInJlZiI6Iml4a3Rvd3FvZGJ5bnZvbGZjZHBkIiwicm9sZSI6ImFub24iLCJpYXQiOjE3MjY5MTA0ODIsImV4cCI6MjA0MjQ4NjQ4Mn0.5mCv3c-dKYbhKHjnXIvQl_Of_ck_LEzkMcG3G1jjcuU&vsn=1.0.0' failed: Error in connection establishment: net::ERR_CONNECTION_CLOSED @ https://app.trendtrack.io/_next/static/chunks/0v.p-x8whhxc3.js:6
[ 4619284ms] [ERROR] WebSocket connection to 'wss://services.trendtrack.io/realtime/v1/websocket?apikey=eyJhbGciOiJIUzI1NiIsInR5cCI6IkpXVCJ9.eyJpc3MiOiJzdXBhYmFzZSIsInJlZiI6Iml4a3Rvd3FvZGJ5bnZvbGZjZHBkIiwicm9sZSI6ImFub24iLCJpYXQiOjE3MjY5MTA0ODIsImV4cCI6MjA0MjQ4NjQ4Mn0.5mCv3c-dKYbhKHjnXIvQl_Of_ck_LEzkMcG3G1jjcuU&vsn=1.0.0' failed: Error in connection establishment: net::ERR_CONNECTION_CLOSED @ https://app.trendtrack.io/_next/static/chunks/0v.p-x8whhxc3.js:6
[ 4659984ms] [ERROR] WebSocket connection to 'wss://services.trendtrack.io/realtime/v1/websocket?apikey=eyJhbGciOiJIUzI1NiIsInR5cCI6IkpXVCJ9.eyJpc3MiOiJzdXBhYmFzZSIsInJlZiI6Iml4a3Rvd3FvZGJ5bnZvbGZjZHBkIiwicm9sZSI6ImFub24iLCJpYXQiOjE3MjY5MTA0ODIsImV4cCI6MjA0MjQ4NjQ4Mn0.5mCv3c-dKYbhKHjnXIvQl_Of_ck_LEzkMcG3G1jjcuU&vsn=1.0.0' failed: Error in connection establishment: net::ERR_CONNECTION_CLOSED @ https://app.trendtrack.io/_next/static/chunks/0v.p-x8whhxc3.js:6
[ 4700945ms] [ERROR] WebSocket connection to 'wss://services.trendtrack.io/realtime/v1/websocket?apikey=eyJhbGciOiJIUzI1NiIsInR5cCI6IkpXVCJ9.eyJpc3MiOiJzdXBhYmFzZSIsInJlZiI6Iml4a3Rvd3FvZGJ5bnZvbGZjZHBkIiwicm9sZSI6ImFub24iLCJpYXQiOjE3MjY5MTA0ODIsImV4cCI6MjA0MjQ4NjQ4Mn0.5mCv3c-dKYbhKHjnXIvQl_Of_ck_LEzkMcG3G1jjcuU&vsn=1.0.0' failed: Error in connection establishment: net::ERR_CONNECTION_CLOSED @ https://app.trendtrack.io/_next/static/chunks/0v.p-x8whhxc3.js:6
[ 4741768ms] [ERROR] WebSocket connection to 'wss://services.trendtrack.io/realtime/v1/websocket?apikey=eyJhbGciOiJIUzI1NiIsInR5cCI6IkpXVCJ9.eyJpc3MiOiJzdXBhYmFzZSIsInJlZiI6Iml4a3Rvd3FvZGJ5bnZvbGZjZHBkIiwicm9sZSI6ImFub24iLCJpYXQiOjE3MjY5MTA0ODIsImV4cCI6MjA0MjQ4NjQ4Mn0.5mCv3c-dKYbhKHjnXIvQl_Of_ck_LEzkMcG3G1jjcuU&vsn=1.0.0' failed: Error in connection establishment: net::ERR_CONNECTION_CLOSED @ https://app.trendtrack.io/_next/static/chunks/0v.p-x8whhxc3.js:6
[ 4782871ms] [ERROR] WebSocket connection to 'wss://services.trendtrack.io/realtime/v1/websocket?apikey=eyJhbGciOiJIUzI1NiIsInR5cCI6IkpXVCJ9.eyJpc3MiOiJzdXBhYmFzZSIsInJlZiI6Iml4a3Rvd3FvZGJ5bnZvbGZjZHBkIiwicm9sZSI6ImFub24iLCJpYXQiOjE3MjY5MTA0ODIsImV4cCI6MjA0MjQ4NjQ4Mn0.5mCv3c-dKYbhKHjnXIvQl_Of_ck_LEzkMcG3G1jjcuU&vsn=1.0.0' failed: Error in connection establishment: net::ERR_CONNECTION_CLOSED @ https://app.trendtrack.io/_next/static/chunks/0v.p-x8whhxc3.js:6
[ 4827805ms] [ERROR] WebSocket connection to 'wss://services.trendtrack.io/realtime/v1/websocket?apikey=eyJhbGciOiJIUzI1NiIsInR5cCI6IkpXVCJ9.eyJpc3MiOiJzdXBhYmFzZSIsInJlZiI6Iml4a3Rvd3FvZGJ5bnZvbGZjZHBkIiwicm9sZSI6ImFub24iLCJpYXQiOjE3MjY5MTA0ODIsImV4cCI6MjA0MjQ4NjQ4Mn0.5mCv3c-dKYbhKHjnXIvQl_Of_ck_LEzkMcG3G1jjcuU&vsn=1.0.0' failed: Error in connection establishment: net::ERR_CONNECTION_CLOSED @ https://app.trendtrack.io/_next/static/chunks/0v.p-x8whhxc3.js:6
[ 4870622ms] [ERROR] WebSocket connection to 'wss://services.trendtrack.io/realtime/v1/websocket?apikey=eyJhbGciOiJIUzI1NiIsInR5cCI6IkpXVCJ9.eyJpc3MiOiJzdXBhYmFzZSIsInJlZiI6Iml4a3Rvd3FvZGJ5bnZvbGZjZHBkIiwicm9sZSI6ImFub24iLCJpYXQiOjE3MjY5MTA0ODIsImV4cCI6MjA0MjQ4NjQ4Mn0.5mCv3c-dKYbhKHjnXIvQl_Of_ck_LEzkMcG3G1jjcuU&vsn=1.0.0' failed: Error in connection establishment: net::ERR_CONNECTION_CLOSED @ https://app.trendtrack.io/_next/static/chunks/0v.p-x8whhxc3.js:6
[ 4911229ms] [ERROR] WebSocket connection to 'wss://services.trendtrack.io/realtime/v1/websocket?apikey=eyJhbGciOiJIUzI1NiIsInR5cCI6IkpXVCJ9.eyJpc3MiOiJzdXBhYmFzZSIsInJlZiI6Iml4a3Rvd3FvZGJ5bnZvbGZjZHBkIiwicm9sZSI6ImFub24iLCJpYXQiOjE3MjY5MTA0ODIsImV4cCI6MjA0MjQ4NjQ4Mn0.5mCv3c-dKYbhKHjnXIvQl_Of_ck_LEzkMcG3G1jjcuU&vsn=1.0.0' failed: Error in connection establishment: net::ERR_CONNECTION_CLOSED @ https://app.trendtrack.io/_next/static/chunks/0v.p-x8whhxc3.js:6
[ 4952051ms] [ERROR] WebSocket connection to 'wss://services.trendtrack.io/realtime/v1/websocket?apikey=eyJhbGciOiJIUzI1NiIsInR5cCI6IkpXVCJ9.eyJpc3MiOiJzdXBhYmFzZSIsInJlZiI6Iml4a3Rvd3FvZGJ5bnZvbGZjZHBkIiwicm9sZSI6ImFub24iLCJpYXQiOjE3MjY5MTA0ODIsImV4cCI6MjA0MjQ4NjQ4Mn0.5mCv3c-dKYbhKHjnXIvQl_Of_ck_LEzkMcG3G1jjcuU&vsn=1.0.0' failed: Error in connection establishment: net::ERR_CONNECTION_CLOSED @ https://app.trendtrack.io/_next/static/chunks/0v.p-x8whhxc3.js:6
[ 4993425ms] [ERROR] WebSocket connection to 'wss://services.trendtrack.io/realtime/v1/websocket?apikey=eyJhbGciOiJIUzI1NiIsInR5cCI6IkpXVCJ9.eyJpc3MiOiJzdXBhYmFzZSIsInJlZiI6Iml4a3Rvd3FvZGJ5bnZvbGZjZHBkIiwicm9sZSI6ImFub24iLCJpYXQiOjE3MjY5MTA0ODIsImV4cCI6MjA0MjQ4NjQ4Mn0.5mCv3c-dKYbhKHjnXIvQl_Of_ck_LEzkMcG3G1jjcuU&vsn=1.0.0' failed: Error in connection establishment: net::ERR_CONNECTION_CLOSED @ https://app.trendtrack.io/_next/static/chunks/0v.p-x8whhxc3.js:6
[ 9016835ms] [ERROR] WebSocket connection to 'wss://services.trendtrack.io/realtime/v1/websocket?apikey=eyJhbGciOiJIUzI1NiIsInR5cCI6IkpXVCJ9.eyJpc3MiOiJzdXBhYmFzZSIsInJlZiI6Iml4a3Rvd3FvZGJ5bnZvbGZjZHBkIiwicm9sZSI6ImFub24iLCJpYXQiOjE3MjY5MTA0ODIsImV4cCI6MjA0MjQ4NjQ4Mn0.5mCv3c-dKYbhKHjnXIvQl_Of_ck_LEzkMcG3G1jjcuU&vsn=1.0.0' failed: Error in connection establishment: net::ERR_CONNECTION_CLOSED @ https://app.trendtrack.io/_next/static/chunks/0v.p-x8whhxc3.js:6
[ 9049048ms] [ERROR] WebSocket connection to 'wss://services.trendtrack.io/realtime/v1/websocket?apikey=eyJhbGciOiJIUzI1NiIsInR5cCI6IkpXVCJ9.eyJpc3MiOiJzdXBhYmFzZSIsInJlZiI6Iml4a3Rvd3FvZGJ5bnZvbGZjZHBkIiwicm9sZSI6ImFub24iLCJpYXQiOjE3MjY5MTA0ODIsImV4cCI6MjA0MjQ4NjQ4Mn0.5mCv3c-dKYbhKHjnXIvQl_Of_ck_LEzkMcG3G1jjcuU&vsn=1.0.0' failed: Error in connection establishment: net::ERR_CONNECTION_CLOSED @ https://app.trendtrack.io/_next/static/chunks/0v.p-x8whhxc3.js:6
[ 9066835ms] [ERROR] Failed to load resource: net::ERR_NAME_NOT_RESOLVED @ https://app.trendtrack.io/api/favorite/ads/ids?workspaceId=ef3d02ad-7f1f-4329-89f5-156bdcd279b1:0
[ 9067148ms] [ERROR] Failed to load resource: net::ERR_NETWORK_CHANGED @ https://app.trendtrack.io/api/brandtracker-v2/ef3d02ad-7f1f-4329-89f5-156bdcd279b1/summary:0
[ 9067149ms] [ERROR] Failed to load resource: net::ERR_NETWORK_CHANGED @ https://app.trendtrack.io/api/favorite/ads/counts-by-folder:0
[ 9067152ms] [ERROR] Failed to load resource: net::ERR_NETWORK_CHANGED @ https://app.trendtrack.io/api/facebook-pages/search:0
[ 9067152ms] [ERROR] Failed to load resource: net::ERR_NETWORK_CHANGED @ https://app.trendtrack.io/api/workspace/ef3d02ad-7f1f-4329-89f5-156bdcd279b1/plan:0
[ 9067152ms] [ERROR] Failed to load resource: net::ERR_NETWORK_CHANGED @ https://app.trendtrack.io/en/workspace/w-kevins-workspace-VokwOw8/ads?cpm=9&search=https://houdiniholsters.com/&searchType=domain&status=active&sort=impressions:0
[ 9067154ms] [ERROR] Failed to load resource: net::ERR_NETWORK_CHANGED @ https://app.trendtrack.io/api/training/progress:0
[ 9067154ms] [ERROR] Failed to load resource: net::ERR_NETWORK_CHANGED @ https://app.trendtrack.io/api/fb-pages/create:0
[ 9067154ms] [ERROR] Failed to load resource: net::ERR_NETWORK_CHANGED @ https://app.trendtrack.io/api/hidden-pages:0
[ 9067154ms] [ERROR] Failed to load resource: net::ERR_NETWORK_CHANGED @ https://app.trendtrack.io/api/workspace/ef3d02ad-7f1f-4329-89f5-156bdcd279b1/pro-trial-pricing:0
[ 9067154ms] [ERROR] Failed to load resource: net::ERR_NETWORK_CHANGED @ https://app.trendtrack.io/api/user/notifications?pageNumber=0&limit=10:0
[ 9067154ms] [ERROR] Failed to load resource: net::ERR_NETWORK_CHANGED @ https://app.trendtrack.io/api/subscription/ef3d02ad-7f1f-4329-89f5-156bdcd279b1:0
[ 9067155ms] [ERROR] Failed to load resource: net::ERR_NETWORK_CHANGED @ https://app.trendtrack.io/api/favorite/folder/list:0
[ 9067156ms] [ERROR] Failed to load resource: net::ERR_NETWORK_CHANGED @ https://app.trendtrack.io/api/favorite-emails/folder/list:0
[ 9067157ms] [ERROR] Failed to load resource: net::ERR_NETWORK_CHANGED @ https://app.trendtrack.io/api/favorite-emails/folder/list?workspace_id=ef3d02ad-7f1f-4329-89f5-156bdcd279b1:0
[ 9635383ms] [ERROR] Failed to load resource: net::ERR_CONNECTION_CLOSED @ https://gateway.trendtrack.io/i/v0/e/?ip=0&_=1783409734082&ver=1.328.0&compression=gzip-js:0
[ 9668559ms] [ERROR] Failed to load resource: net::ERR_CONNECTION_CLOSED @ https://gateway.trendtrack.io/i/v0/e/?retry_count=1&ip=0&_=1783409767396&ver=1.328.0&compression=gzip-js:0
[ 9675684ms] [ERROR] Failed to load resource: net::ERR_CONNECTION_CLOSED @ https://gateway.trendtrack.io/i/v0/e/?ip=0&_=1783409774072&ver=1.328.0&compression=gzip-js:0
[ 9704780ms] [ERROR] Failed to load resource: net::ERR_CONNECTION_CLOSED @ https://gateway.trendtrack.io/i/v0/e/?retry_count=2&ip=0&_=1783409803574&ver=1.328.0&compression=gzip-js:0
[ 9709295ms] [ERROR] Failed to load resource: net::ERR_CONNECTION_CLOSED @ https://gateway.trendtrack.io/i/v0/e/?retry_count=1&ip=0&_=1783409807697&ver=1.328.0&compression=gzip-js:0
[ 9747154ms] [ERROR] Failed to load resource: net::ERR_CONNECTION_CLOSED @ https://gateway.trendtrack.io/i/v0/e/?retry_count=3&ip=0&_=1783409845796&ver=1.328.0&compression=gzip-js:0
[ 9747245ms] [ERROR] Failed to load resource: net::ERR_CONNECTION_CLOSED @ https://gateway.trendtrack.io/i/v0/e/?retry_count=2&ip=0&_=1783409845799&ver=1.328.0&compression=gzip-js:0
[ 9789424ms] [ERROR] Failed to load resource: net::ERR_CONNECTION_CLOSED @ https://gateway.trendtrack.io/i/v0/e/?retry_count=3&ip=0&_=1783409888172&ver=1.328.0&compression=gzip-js:0
[ 9807690ms] [ERROR] Failed to load resource: net::ERR_CONNECTION_CLOSED @ https://gateway.trendtrack.io/i/v0/e/?retry_count=4&ip=0&_=1783409906186&ver=1.328.0&compression=gzip-js:0
[ 9843667ms] [ERROR] Failed to load resource: net::ERR_CONNECTION_CLOSED @ https://gateway.trendtrack.io/i/v0/e/?retry_count=4&ip=0&_=1783409942448&ver=1.328.0&compression=gzip-js:0
[ 9888655ms] [ERROR] Failed to load resource: net::ERR_CONNECTION_CLOSED @ https://gateway.trendtrack.io/i/v0/e/?retry_count=5&ip=0&_=1783409987479&ver=1.328.0&compression=gzip-js:0
[ 9929284ms] [ERROR] Failed to load resource: net::ERR_CONNECTION_CLOSED @ https://gateway.trendtrack.io/i/v0/e/?retry_count=5&ip=0&_=1783410026529&ver=1.328.0&compression=gzip-js:0
[10035880ms] [ERROR] Failed to load resource: net::ERR_CONNECTION_CLOSED @ https://gateway.trendtrack.io/i/v0/e/?retry_count=6&ip=0&_=1783410134599&ver=1.328.0&compression=gzip-js:0
[10054853ms] [ERROR] Failed to load resource: net::ERR_CONNECTION_CLOSED @ https://gateway.trendtrack.io/i/v0/e/?retry_count=6&ip=0&_=1783410152624&ver=1.328.0&compression=gzip-js:0
[10261325ms] [ERROR] Failed to load resource: net::ERR_CONNECTION_CLOSED @ https://gateway.trendtrack.io/i/v0/e/?retry_count=7&ip=0&_=1783410359987&ver=1.328.0&compression=gzip-js:0
[10282491ms] [ERROR] Failed to load resource: net::ERR_CONNECTION_CLOSED @ https://gateway.trendtrack.io/i/v0/e/?retry_count=7&ip=0&_=1783410381001&ver=1.328.0&compression=gzip-js:0
[10651916ms] [ERROR] Failed to load resource: net::ERR_CONNECTION_CLOSED @ https://gateway.trendtrack.io/i/v0/e/?retry_count=8&ip=0&_=1783410750576&ver=1.328.0&compression=gzip-js:0
[10761221ms] [ERROR] Failed to load resource: net::ERR_CONNECTION_CLOSED @ https://gateway.trendtrack.io/i/v0/e/?retry_count=8&ip=0&_=1783410858636&ver=1.328.0&compression=gzip-js:0
[11346861ms] [ERROR] Failed to load resource: net::ERR_CONNECTION_CLOSED @ https://gateway.trendtrack.io/i/v0/e/?retry_count=9&ip=0&_=1783411443918&ver=1.328.0&compression=gzip-js:0
[11704710ms] [ERROR] Failed to load resource: net::ERR_CONNECTION_CLOSED @ https://gateway.trendtrack.io/i/v0/e/?retry_count=9&ip=0&_=1783411801135&ver=1.328.0&compression=gzip-js:0
[12261235ms] [ERROR] WebSocket connection to 'wss://services.trendtrack.io/realtime/v1/websocket?apikey=eyJhbGciOiJIUzI1NiIsInR5cCI6IkpXVCJ9.eyJpc3MiOiJzdXBhYmFzZSIsInJlZiI6Iml4a3Rvd3FvZGJ5bnZvbGZjZHBkIiwicm9sZSI6ImFub24iLCJpYXQiOjE3MjY5MTA0ODIsImV4cCI6MjA0MjQ4NjQ4Mn0.5mCv3c-dKYbhKHjnXIvQl_Of_ck_LEzkMcG3G1jjcuU&vsn=1.0.0' failed: Error in connection establishment: net::ERR_CONNECTION_CLOSED @ https://app.trendtrack.io/_next/static/chunks/0v.p-x8whhxc3.js:6
[12293449ms] [ERROR] WebSocket connection to 'wss://services.trendtrack.io/realtime/v1/websocket?apikey=eyJhbGciOiJIUzI1NiIsInR5cCI6IkpXVCJ9.eyJpc3MiOiJzdXBhYmFzZSIsInJlZiI6Iml4a3Rvd3FvZGJ5bnZvbGZjZHBkIiwicm9sZSI6ImFub24iLCJpYXQiOjE3MjY5MTA0ODIsImV4cCI6MjA0MjQ4NjQ4Mn0.5mCv3c-dKYbhKHjnXIvQl_Of_ck_LEzkMcG3G1jjcuU&vsn=1.0.0' failed: Error in connection establishment: net::ERR_CONNECTION_CLOSED @ https://app.trendtrack.io/_next/static/chunks/0v.p-x8whhxc3.js:6
[12329901ms] [ERROR] WebSocket connection to 'wss://services.trendtrack.io/realtime/v1/websocket?apikey=eyJhbGciOiJIUzI1NiIsInR5cCI6IkpXVCJ9.eyJpc3MiOiJzdXBhYmFzZSIsInJlZiI6Iml4a3Rvd3FvZGJ5bnZvbGZjZHBkIiwicm9sZSI6ImFub24iLCJpYXQiOjE3MjY5MTA0ODIsImV4cCI6MjA0MjQ4NjQ4Mn0.5mCv3c-dKYbhKHjnXIvQl_Of_ck_LEzkMcG3G1jjcuU&vsn=1.0.0' failed: Error in connection establishment: net::ERR_CONNECTION_CLOSED @ https://app.trendtrack.io/_next/static/chunks/0v.p-x8whhxc3.js:6
[12370499ms] [ERROR] WebSocket connection to 'wss://services.trendtrack.io/realtime/v1/websocket?apikey=eyJhbGciOiJIUzI1NiIsInR5cCI6IkpXVCJ9.eyJpc3MiOiJzdXBhYmFzZSIsInJlZiI6Iml4a3Rvd3FvZGJ5bnZvbGZjZHBkIiwicm9sZSI6ImFub24iLCJpYXQiOjE3MjY5MTA0ODIsImV4cCI6MjA0MjQ4NjQ4Mn0.5mCv3c-dKYbhKHjnXIvQl_Of_ck_LEzkMcG3G1jjcuU&vsn=1.0.0' failed: Error in connection establishment: net::ERR_CONNECTION_CLOSED @ https://app.trendtrack.io/_next/static/chunks/0v.p-x8whhxc3.js:6
[12410675ms] [ERROR] WebSocket connection to 'wss://services.trendtrack.io/realtime/v1/websocket?apikey=eyJhbGciOiJIUzI1NiIsInR5cCI6IkpXVCJ9.eyJpc3MiOiJzdXBhYmFzZSIsInJlZiI6Iml4a3Rvd3FvZGJ5bnZvbGZjZHBkIiwicm9sZSI6ImFub24iLCJpYXQiOjE3MjY5MTA0ODIsImV4cCI6MjA0MjQ4NjQ4Mn0.5mCv3c-dKYbhKHjnXIvQl_Of_ck_LEzkMcG3G1jjcuU&vsn=1.0.0' failed: Error in connection establishment: net::ERR_CONNECTION_CLOSED @ https://app.trendtrack.io/_next/static/chunks/0v.p-x8whhxc3.js:6
[12451788ms] [ERROR] WebSocket connection to 'wss://services.trendtrack.io/realtime/v1/websocket?apikey=eyJhbGciOiJIUzI1NiIsInR5cCI6IkpXVCJ9.eyJpc3MiOiJzdXBhYmFzZSIsInJlZiI6Iml4a3Rvd3FvZGJ5bnZvbGZjZHBkIiwicm9sZSI6ImFub24iLCJpYXQiOjE3MjY5MTA0ODIsImV4cCI6MjA0MjQ4NjQ4Mn0.5mCv3c-dKYbhKHjnXIvQl_Of_ck_LEzkMcG3G1jjcuU&vsn=1.0.0' failed: Error in connection establishment: net::ERR_CONNECTION_CLOSED @ https://app.trendtrack.io/_next/static/chunks/0v.p-x8whhxc3.js:6
[12491976ms] [ERROR] WebSocket connection to 'wss://services.trendtrack.io/realtime/v1/websocket?apikey=eyJhbGciOiJIUzI1NiIsInR5cCI6IkpXVCJ9.eyJpc3MiOiJzdXBhYmFzZSIsInJlZiI6Iml4a3Rvd3FvZGJ5bnZvbGZjZHBkIiwicm9sZSI6ImFub24iLCJpYXQiOjE3MjY5MTA0ODIsImV4cCI6MjA0MjQ4NjQ4Mn0.5mCv3c-dKYbhKHjnXIvQl_Of_ck_LEzkMcG3G1jjcuU&vsn=1.0.0' failed: Error in connection establishment: net::ERR_CONNECTION_CLOSED @ https://app.trendtrack.io/_next/static/chunks/0v.p-x8whhxc3.js:6
[12532326ms] [ERROR] WebSocket connection to 'wss://services.trendtrack.io/realtime/v1/websocket?apikey=eyJhbGciOiJIUzI1NiIsInR5cCI6IkpXVCJ9.eyJpc3MiOiJzdXBhYmFzZSIsInJlZiI6Iml4a3Rvd3FvZGJ5bnZvbGZjZHBkIiwicm9sZSI6ImFub24iLCJpYXQiOjE3MjY5MTA0ODIsImV4cCI6MjA0MjQ4NjQ4Mn0.5mCv3c-dKYbhKHjnXIvQl_Of_ck_LEzkMcG3G1jjcuU&vsn=1.0.0' failed: Error in connection establishment: net::ERR_CONNECTION_CLOSED @ https://app.trendtrack.io/_next/static/chunks/0v.p-x8whhxc3.js:6
[12572755ms] [ERROR] WebSocket connection to 'wss://services.trendtrack.io/realtime/v1/websocket?apikey=eyJhbGciOiJIUzI1NiIsInR5cCI6IkpXVCJ9.eyJpc3MiOiJzdXBhYmFzZSIsInJlZiI6Iml4a3Rvd3FvZGJ5bnZvbGZjZHBkIiwicm9sZSI6ImFub24iLCJpYXQiOjE3MjY5MTA0ODIsImV4cCI6MjA0MjQ4NjQ4Mn0.5mCv3c-dKYbhKHjnXIvQl_Of_ck_LEzkMcG3G1jjcuU&vsn=1.0.0' failed: Error in connection establishment: net::ERR_CONNECTION_CLOSED @ https://app.trendtrack.io/_next/static/chunks/0v.p-x8whhxc3.js:6
[12612982ms] [ERROR] WebSocket connection to 'wss://services.trendtrack.io/realtime/v1/websocket?apikey=eyJhbGciOiJIUzI1NiIsInR5cCI6IkpXVCJ9.eyJpc3MiOiJzdXBhYmFzZSIsInJlZiI6Iml4a3Rvd3FvZGJ5bnZvbGZjZHBkIiwicm9sZSI6ImFub24iLCJpYXQiOjE3MjY5MTA0ODIsImV4cCI6MjA0MjQ4NjQ4Mn0.5mCv3c-dKYbhKHjnXIvQl_Of_ck_LEzkMcG3G1jjcuU&vsn=1.0.0' failed: Error in connection establishment: net::ERR_CONNECTION_CLOSED @ https://app.trendtrack.io/_next/static/chunks/0v.p-x8whhxc3.js:6
[12653209ms] [ERROR] WebSocket connection to 'wss://services.trendtrack.io/realtime/v1/websocket?apikey=eyJhbGciOiJIUzI1NiIsInR5cCI6IkpXVCJ9.eyJpc3MiOiJzdXBhYmFzZSIsInJlZiI6Iml4a3Rvd3FvZGJ5bnZvbGZjZHBkIiwicm9sZSI6ImFub24iLCJpYXQiOjE3MjY5MTA0ODIsImV4cCI6MjA0MjQ4NjQ4Mn0.5mCv3c-dKYbhKHjnXIvQl_Of_ck_LEzkMcG3G1jjcuU&vsn=1.0.0' failed: Error in connection establishment: net::ERR_CONNECTION_CLOSED @ https://app.trendtrack.io/_next/static/chunks/0v.p-x8whhxc3.js:6
[12693675ms] [ERROR] WebSocket connection to 'wss://services.trendtrack.io/realtime/v1/websocket?apikey=eyJhbGciOiJIUzI1NiIsInR5cCI6IkpXVCJ9.eyJpc3MiOiJzdXBhYmFzZSIsInJlZiI6Iml4a3Rvd3FvZGJ5bnZvbGZjZHBkIiwicm9sZSI6ImFub24iLCJpYXQiOjE3MjY5MTA0ODIsImV4cCI6MjA0MjQ4NjQ4Mn0.5mCv3c-dKYbhKHjnXIvQl_Of_ck_LEzkMcG3G1jjcuU&vsn=1.0.0' failed: Error in connection establishment: net::ERR_CONNECTION_CLOSED @ https://app.trendtrack.io/_next/static/chunks/0v.p-x8whhxc3.js:6
[12733912ms] [ERROR] WebSocket connection to 'wss://services.trendtrack.io/realtime/v1/websocket?apikey=eyJhbGciOiJIUzI1NiIsInR5cCI6IkpXVCJ9.eyJpc3MiOiJzdXBhYmFzZSIsInJlZiI6Iml4a3Rvd3FvZGJ5bnZvbGZjZHBkIiwicm9sZSI6ImFub24iLCJpYXQiOjE3MjY5MTA0ODIsImV4cCI6MjA0MjQ4NjQ4Mn0.5mCv3c-dKYbhKHjnXIvQl_Of_ck_LEzkMcG3G1jjcuU&vsn=1.0.0' failed: Error in connection establishment: net::ERR_CONNECTION_CLOSED @ https://app.trendtrack.io/_next/static/chunks/0v.p-x8whhxc3.js:6
[12775195ms] [ERROR] WebSocket connection to 'wss://services.trendtrack.io/realtime/v1/websocket?apikey=eyJhbGciOiJIUzI1NiIsInR5cCI6IkpXVCJ9.eyJpc3MiOiJzdXBhYmFzZSIsInJlZiI6Iml4a3Rvd3FvZGJ5bnZvbGZjZHBkIiwicm9sZSI6ImFub24iLCJpYXQiOjE3MjY5MTA0ODIsImV4cCI6MjA0MjQ4NjQ4Mn0.5mCv3c-dKYbhKHjnXIvQl_Of_ck_LEzkMcG3G1jjcuU&vsn=1.0.0' failed: Error in connection establishment: net::ERR_CONNECTION_CLOSED @ https://app.trendtrack.io/_next/static/chunks/0v.p-x8whhxc3.js:6
[12815503ms] [ERROR] WebSocket connection to 'wss://services.trendtrack.io/realtime/v1/websocket?apikey=eyJhbGciOiJIUzI1NiIsInR5cCI6IkpXVCJ9.eyJpc3MiOiJzdXBhYmFzZSIsInJlZiI6Iml4a3Rvd3FvZGJ5bnZvbGZjZHBkIiwicm9sZSI6ImFub24iLCJpYXQiOjE3MjY5MTA0ODIsImV4cCI6MjA0MjQ4NjQ4Mn0.5mCv3c-dKYbhKHjnXIvQl_Of_ck_LEzkMcG3G1jjcuU&vsn=1.0.0' failed: Error in connection establishment: net::ERR_CONNECTION_CLOSED @ https://app.trendtrack.io/_next/static/chunks/0v.p-x8whhxc3.js:6
[12856204ms] [ERROR] WebSocket connection to 'wss://services.trendtrack.io/realtime/v1/websocket?apikey=eyJhbGciOiJIUzI1NiIsInR5cCI6IkpXVCJ9.eyJpc3MiOiJzdXBhYmFzZSIsInJlZiI6Iml4a3Rvd3FvZGJ5bnZvbGZjZHBkIiwicm9sZSI6ImFub24iLCJpYXQiOjE3MjY5MTA0ODIsImV4cCI6MjA0MjQ4NjQ4Mn0.5mCv3c-dKYbhKHjnXIvQl_Of_ck_LEzkMcG3G1jjcuU&vsn=1.0.0' failed: Error in connection establishment: net::ERR_CONNECTION_CLOSED @ https://app.trendtrack.io/_next/static/chunks/0v.p-x8whhxc3.js:6
[12900258ms] [ERROR] WebSocket connection to 'wss://services.trendtrack.io/realtime/v1/websocket?apikey=eyJhbGciOiJIUzI1NiIsInR5cCI6IkpXVCJ9.eyJpc3MiOiJzdXBhYmFzZSIsInJlZiI6Iml4a3Rvd3FvZGJ5bnZvbGZjZHBkIiwicm9sZSI6ImFub24iLCJpYXQiOjE3MjY5MTA0ODIsImV4cCI6MjA0MjQ4NjQ4Mn0.5mCv3c-dKYbhKHjnXIvQl_Of_ck_LEzkMcG3G1jjcuU&vsn=1.0.0' failed: Error in connection establishment: net::ERR_CONNECTION_CLOSED @ https://app.trendtrack.io/_next/static/chunks/0v.p-x8whhxc3.js:6
[12941574ms] [ERROR] WebSocket connection to 'wss://services.trendtrack.io/realtime/v1/websocket?apikey=eyJhbGciOiJIUzI1NiIsInR5cCI6IkpXVCJ9.eyJpc3MiOiJzdXBhYmFzZSIsInJlZiI6Iml4a3Rvd3FvZGJ5bnZvbGZjZHBkIiwicm9sZSI6ImFub24iLCJpYXQiOjE3MjY5MTA0ODIsImV4cCI6MjA0MjQ4NjQ4Mn0.5mCv3c-dKYbhKHjnXIvQl_Of_ck_LEzkMcG3G1jjcuU&vsn=1.0.0' failed: Error in connection establishment: net::ERR_CONNECTION_CLOSED @ https://app.trendtrack.io/_next/static/chunks/0v.p-x8whhxc3.js:6
[12975291ms] [ERROR] Failed to load resource: net::ERR_CONNECTION_CLOSED @ https://gateway.trendtrack.io/i/v0/e/?retry_count=10&ip=0&_=1783413073786&ver=1.328.0&compression=gzip-js:0
[12981738ms] [ERROR] WebSocket connection to 'wss://services.trendtrack.io/realtime/v1/websocket?apikey=eyJhbGciOiJIUzI1NiIsInR5cCI6IkpXVCJ9.eyJpc3MiOiJzdXBhYmFzZSIsInJlZiI6Iml4a3Rvd3FvZGJ5bnZvbGZjZHBkIiwicm9sZSI6ImFub24iLCJpYXQiOjE3MjY5MTA0ODIsImV4cCI6MjA0MjQ4NjQ4Mn0.5mCv3c-dKYbhKHjnXIvQl_Of_ck_LEzkMcG3G1jjcuU&vsn=1.0.0' failed: Error in connection establishment: net::ERR_CONNECTION_CLOSED @ https://app.trendtrack.io/_next/static/chunks/0v.p-x8whhxc3.js:6
[13021946ms] [ERROR] WebSocket connection to 'wss://services.trendtrack.io/realtime/v1/websocket?apikey=eyJhbGciOiJIUzI1NiIsInR5cCI6IkpXVCJ9.eyJpc3MiOiJzdXBhYmFzZSIsInJlZiI6Iml4a3Rvd3FvZGJ5bnZvbGZjZHBkIiwicm9sZSI6ImFub24iLCJpYXQiOjE3MjY5MTA0ODIsImV4cCI6MjA0MjQ4NjQ4Mn0.5mCv3c-dKYbhKHjnXIvQl_Of_ck_LEzkMcG3G1jjcuU&vsn=1.0.0' failed: Error in connection establishment: net::ERR_CONNECTION_CLOSED @ https://app.trendtrack.io/_next/static/chunks/0v.p-x8whhxc3.js:6
[13062148ms] [ERROR] WebSocket connection to 'wss://services.trendtrack.io/realtime/v1/websocket?apikey=eyJhbGciOiJIUzI1NiIsInR5cCI6IkpXVCJ9.eyJpc3MiOiJzdXBhYmFzZSIsInJlZiI6Iml4a3Rvd3FvZGJ5bnZvbGZjZHBkIiwicm9sZSI6ImFub24iLCJpYXQiOjE3MjY5MTA0ODIsImV4cCI6MjA0MjQ4NjQ4Mn0.5mCv3c-dKYbhKHjnXIvQl_Of_ck_LEzkMcG3G1jjcuU&vsn=1.0.0' failed: Error in connection establishment: net::ERR_CONNECTION_CLOSED @ https://app.trendtrack.io/_next/static/chunks/0v.p-x8whhxc3.js:6
[13102586ms] [ERROR] WebSocket connection to 'wss://services.trendtrack.io/realtime/v1/websocket?apikey=eyJhbGciOiJIUzI1NiIsInR5cCI6IkpXVCJ9.eyJpc3MiOiJzdXBhYmFzZSIsInJlZiI6Iml4a3Rvd3FvZGJ5bnZvbGZjZHBkIiwicm9sZSI6ImFub24iLCJpYXQiOjE3MjY5MTA0ODIsImV4cCI6MjA0MjQ4NjQ4Mn0.5mCv3c-dKYbhKHjnXIvQl_Of_ck_LEzkMcG3G1jjcuU&vsn=1.0.0' failed: Error in connection establishment: net::ERR_CONNECTION_CLOSED @ https://app.trendtrack.io/_next/static/chunks/0v.p-x8whhxc3.js:6
[13182122ms] [ERROR] Failed to load resource: net::ERR_CONNECTION_CLOSED @ https://gateway.trendtrack.io/i/v0/e/?retry_count=10&ip=0&_=1783413280911&ver=1.328.0&compression=gzip-js:0
[13186070ms] [ERROR] WebSocket connection to 'wss://services.trendtrack.io/realtime/v1/websocket?apikey=eyJhbGciOiJIUzI1NiIsInR5cCI6IkpXVCJ9.eyJpc3MiOiJzdXBhYmFzZSIsInJlZiI6Iml4a3Rvd3FvZGJ5bnZvbGZjZHBkIiwicm9sZSI6ImFub24iLCJpYXQiOjE3MjY5MTA0ODIsImV4cCI6MjA0MjQ4NjQ4Mn0.5mCv3c-dKYbhKHjnXIvQl_Of_ck_LEzkMcG3G1jjcuU&vsn=1.0.0' failed: Error in connection establishment: net::ERR_CONNECTION_CLOSED @ https://app.trendtrack.io/_next/static/chunks/0v.p-x8whhxc3.js:6
[13325360ms] [ERROR] Failed to load resource: net::ERR_CONNECTION_CLOSED @ https://gateway.trendtrack.io/i/v0/e/?ip=0&_=1783413424083&ver=1.328.0&compression=gzip-js:0
