[    3330ms] [LOG] [Churnkey] Embed v1.0.63 @ https://app.trendtrack.io/_next/static/chunks/0f8d_.0e-e64l.js:5
[    3405ms] [ERROR] Failed to load resource: the server responded with a status of 422 () @ https://t.firstpromoter.com/tr:0
[    3518ms] Uncaught TypeError: a[c] is not a function
    at <anonymous> (https://www.clarity.ms/tag/qzxsxqt0go:0:166)
    at <anonymous> (https://www.clarity.ms/tag/qzxsxqt0go:0:507)
[    5763ms] [WARNING] The resource https://app.trendtrack.io/_next/static/chunks/0-fjsriqms~1h.css was preloaded using link preload but not used within a few seconds from the window's load event. Please make sure it has an appropriate `as` value and it is preloaded intentionally. @ https://app.trendtrack.io/en/login:0
[    8555ms] [ERROR] Failed to load resource: the server responded with a status of 429 () @ https://o4508155227930624.ingest.de.sentry.io/api/4510255153807440/envelope/?sentry_version=7&sentry_key=501cb99db75dfe0a007118e740977c3d&sentry_client=sentry.javascript.nextjs%2F10.34.0:0
[   26153ms] [LOG] [PosthogIdentify] Check: {userId: fa54c9a0-e333-4bd0-bc8f-d18394227330, email: email@patiagency.com, posthogReady: true} @ https://app.trendtrack.io/_next/static/chunks/0f8d_.0e-e64l.js:5
[   26154ms] [LOG] [PosthogIdentify] Identifying user: fa54c9a0-e333-4bd0-bc8f-d18394227330 @ https://app.trendtrack.io/_next/static/chunks/0f8d_.0e-e64l.js:5
[   33743ms] [ERROR] Failed to load resource: net::ERR_TIMED_OUT @ https://api-iam.intercom.io/messenger/web/ping:0
[   33744ms] [ERROR] Failed to load resource: net::ERR_TIMED_OUT @ https://api-iam.intercom.io/messenger/web/launcher_settings:0
[   36120ms] [ERROR] Failed to load resource: net::ERR_CONNECTION_CLOSED @ https://gateway.trendtrack.io/e/?ip=0&_=1783399688570&ver=1.328.0&compression=gzip-js:0
[   57287ms] [ERROR] WebSocket connection to 'wss://services.trendtrack.io/realtime/v1/websocket?apikey=eyJhbGciOiJIUzI1NiIsInR5cCI6IkpXVCJ9.eyJpc3MiOiJzdXBhYmFzZSIsInJlZiI6Iml4a3Rvd3FvZGJ5bnZvbGZjZHBkIiwicm9sZSI6ImFub24iLCJpYXQiOjE3MjY5MTA0ODIsImV4cCI6MjA0MjQ4NjQ4Mn0.5mCv3c-dKYbhKHjnXIvQl_Of_ck_LEzkMcG3G1jjcuU&vsn=1.0.0' failed: Error in connection establishment: net::ERR_CONNECTION_CLOSED @ https://app.trendtrack.io/_next/static/chunks/0v.p-x8whhxc3.js:6
[   57288ms] [ERROR] Failed to load resource: net::ERR_CONNECTION_CLOSED @ https://gateway.trendtrack.io/e/?ip=0&_=1783399708876&ver=1.328.0:0
[   57893ms] [ERROR] Failed to load resource: the server responded with a status of 429 () @ https://o4508155227930624.ingest.de.sentry.io/api/4510255153807440/envelope/?sentry_version=7&sentry_key=501cb99db75dfe0a007118e740977c3d&sentry_client=sentry.javascript.nextjs%2F10.34.0:0
[   60610ms] [ERROR] Failed to load resource: net::ERR_CONNECTION_CLOSED @ https://r2.trendtrack.io/websites/favicon/cd11967a-6d81-4d2c-814a-9f011055d1c6.png?v=1119752618610838:0
[   60612ms] [ERROR] Failed to load resource: net::ERR_CONNECTION_CLOSED @ https://r2.trendtrack.io/websites/favicon/e7b17c66-d943-4305-bb81-5d65e410a536.png?v=1119752618610838:0
[   60612ms] [ERROR] Failed to load resource: net::ERR_CONNECTION_CLOSED @ https://r2.trendtrack.io/websites/favicon/7f2b3c4a-b222-4202-9e39-3d26d92d2fff.png?v=1119752618610838:0
[   60612ms] [ERROR] Failed to load resource: net::ERR_CONNECTION_CLOSED @ https://r2.trendtrack.io/websites/favicon/453bf719-a471-43a3-a3cb-a2299f76d876.png?v=1119752618610838:0
[   60612ms] [ERROR] Failed to load resource: net::ERR_CONNECTION_CLOSED @ https://r2.trendtrack.io/websites/favicon/e32c815c-fbba-4f64-acb1-41846d50068e.png?v=1119752618610838:0
[   60615ms] [ERROR] Failed to load resource: net::ERR_CONNECTION_CLOSED @ https://r2.trendtrack.io/websites/favicon/ce138c2d-0a33-4906-bd58-22b66652b3ec.png?v=1119752618610838:0
[   60615ms] [ERROR] Failed to load resource: net::ERR_CONNECTION_CLOSED @ https://gateway.trendtrack.io/e/?ip=0&_=1783399711876&ver=1.328.0:0
[   60615ms] [ERROR] Failed to load resource: net::ERR_CONNECTION_CLOSED @ https://gateway.trendtrack.io/e/?retry_count=1&ip=0&_=1783399724845&ver=1.328.0:0
[   72586ms] [ERROR] Failed to load resource: net::ERR_CONNECTION_CLOSED @ https://gateway.trendtrack.io/e/?retry_count=1&ip=0&_=1783399746012&ver=1.328.0:0
