[    1123ms] [LOG] 🟢 [BPS Pixel] v1.0.0 (SDK: 1.4.10) 已加载 {environment: production, shop: wellness-nest-de.myshopify.com} @ https://southedc.store/web-pixels/strict/app/web-pixel-2736292151@363056b2ff651addd0d5458222602ed5.js:0
[    2934ms] [LOG] 👏 %cCongratulations!%c This website is integrated with %cwetracked.io%c. font-weight: bold font-weight: normal font-weight: bold;background-image:linear-gradient(to right,#087EED,#52B6FF);color: #fff;padding: 0 4px;border-radius: 4px; font-weight: normal @ https://cdn.shopify.com/proxy/8ffdcabeb71dcf3a019a83058a22a84a789b6d63e581079dffdfa70e7c43eb12/pixel.wetracked.io/wellness-nest-de.myshopify.com/events.js?shop=wellness-nest-de.myshopify.com&sp-cache-control=cHVibGljLCBtYXgtYWdlPTkwMA:0
[    4862ms] [INFO] Clear-Site-Data header on 'https://southedc.store/cart/update.js?attributes%5Bhost%5D=https%3A%2F%2Fsouthedc.store&attributes%5Bsw%5D=375&attributes%5Bsh%5D=812&attributes%5Bfbp%5D=fb.1.1781929315093.1946217900&attributes%5Bttp%5D=Go2kfmwuyds6s6YiEkyksShP0iz&attributes%5Bvid%5D=647bff0e38d84ea9aa07df40a9d4dcb3&attributes%5Blocale%5D=en&attributes%5Bcountry%5D=US': Cleared data types: "prefetchCache", "prerenderCache". @ https://southedc.store/products/phantom-2-0-iwb-holster:0
[   48923ms] [LOG] 🟢 [BPS Pixel] v1.0.0 (SDK: 1.4.10) 已加载 {environment: production, shop: wellness-nest-de.myshopify.com} @ https://southedc.store/web-pixels/strict/app/web-pixel-2736292151@363056b2ff651addd0d5458222602ed5.js:0
[   49485ms] [ERROR] Failed to load resource: the server responded with a status of 401 () @ https://southedc.store/private_access_tokens?id=b563789402fce8fc9b0217b200595dc8&checkout_type=c1:0
[   49573ms] [LOG] ExtensionInterceptorError: Error registering interceptor resolver. No corresponding extension found in interceptorRegistrationResolversSignal.
    at Ji (https://southedc.store/cdn/shopifycloud/checkout-web/assets/c1/Extensions-ExtensionSkeletonTimer.CH2lgJE2.js:7:658)
    at intercept (https://southedc.store/cdn/shopifycloud/checkout-web/assets/c1/Extensions-ExtensionSkeletonTimer.CH2lgJE2.js:5:37466)
    at Object.call (https://southedc.store/cdn/shopifycloud/checkout-web/assets/c1/esnext-vendor.enMNkKZ_.js:2:55251)
    at MessagePort.f (https://southedc.store/cdn/shopifycloud/checkout-web/assets/c1/esnext-vendor.enMNkKZ_.js:2:58978) @ https://southedc.store/cdn/shopifycloud/checkout-web/assets/c1/esnext-vendor.enMNkKZ_.js:7
[   49574ms] [LOG] ExtensionInterceptorError: Error registering interceptor resolver. No corresponding extension found in interceptorRegistrationResolversSignal.
    at Ji (https://southedc.store/cdn/shopifycloud/checkout-web/assets/c1/Extensions-ExtensionSkeletonTimer.CH2lgJE2.js:7:658)
    at intercept (https://southedc.store/cdn/shopifycloud/checkout-web/assets/c1/Extensions-ExtensionSkeletonTimer.CH2lgJE2.js:5:37466)
    at Object.call (https://southedc.store/cdn/shopifycloud/checkout-web/assets/c1/esnext-vendor.enMNkKZ_.js:2:55251)
    at MessagePort.f (https://southedc.store/cdn/shopifycloud/checkout-web/assets/c1/esnext-vendor.enMNkKZ_.js:2:58978) @ https://southedc.store/cdn/shopifycloud/checkout-web/assets/c1/esnext-vendor.enMNkKZ_.js:7
[   49576ms] [WARNING] [FPTI Error] PhoneValidationFailed {event_name: phone_validation_failed, component: usePhoneField, buyerCountry: US, source: buyer_journey_intercept, error: Empty phone field} ReferenceError: process is not defined
    at i1 (https://cdn.shopify.com/partners-extensions-scripts-bucket/ui_extension/handle/checkout-ui/version/v8.28.1-08.07.26-10.26.55/019a0be7-7506-73ab-a475-9792c61cd2e1/b3e41e1dfed70a8439b23b2413a12e86.js:33:6685)
    at Ls.eval (https://cdn.shopify.com/partners-extensions-scripts-bucket/ui_extension/handle/checkout-ui/version/v8.28.1-08.07.26-10.26.55/019a0be7-7506-73ab-a475-9792c61cd2e1/b3e41e1dfed70a8439b23b2413a12e86.js:33:7209)
    at Generator.next (<anonymous>)
    at eval (https://cdn.shopify.com/partners-extensions-scripts-bucket/ui_extension/handle/checkout-ui/version/v8.28.1-08.07.26-10.26.55/019a0be7-7506-73ab-a475-9792c61cd2e1/b3e41e1dfed70a8439b23b2413a12e86.js:1:1314)
    at new Promise (<anonymous>)
    at M (https://cdn.shopify.com/partners-extensions-scripts-bucket/ui_extension/handle/checkout-ui/version/v8.28.1-08.07.26-10.26.55/019a0be7-7506-73ab-a475-9792c61cd2e1/b3e41e1dfed70a8439b23b2413a12e86.js:1:1134)
    at Ls.sendEvent (https://cdn.shopify.com/partners-extensions-scripts-bucket/ui_extension/handle/checkout-ui/version/v8.28.1-08.07.26-10.26.55/019a0be7-7506-73ab-a475-9792c61cd2e1/b3e41e1dfed70a8439b23b2413a12e86.js:33:6981)
    at Ls.warn (https://cdn.shopify.com/partners-extensions-scripts-bucket/ui_extension/handle/checkout-ui/version/v8.28.1-08.07.26-10.26.55/019a0be7-7506-73ab-a475-9792c61cd2e1/b3e41e1dfed70a8439b23b2413a12e86.js:33:7407)
    at Object.eval [as current] (https://cdn.shopify.com/partners-extensions-scripts-bucket/ui_extension/handle/checkout-ui/version/v8.28.1-08.07.26-10.26.55/019a0be7-7506-73ab-a475-9792c61cd2e1/b3e41e1dfed70a8439b23b2413a12e86.js:33:14353)
    at eval (https://cdn.shopify.com/partners-extensions-scripts-bucket/ui_extension/handle/checkout-ui/version/v8.28.1-08.07.26-10.26.55/019a0be7-7506-73ab-a475-9792c61cd2e1/b3e41e1dfed70a8439b23b2413a12e86.js:12:1583) @ https://cdn.shopify.com/partners-extensions-scripts-bucket/ui_extension/handle/checkout-ui/version/v8.28.1-08.07.26-10.26.55/019a0be7-7506-73ab-a475-9792c61cd2e1/b3e41e1dfed70a8439b23b2413a12e86.js:32
[   50103ms] [ERROR] Access to fetch at 'https://us-central1-shopify-instrumentat-ff788286.cloudfunctions.net/telemetry' from origin 'https://southedc.store' has been blocked by CORS policy: Response to preflight request doesn't pass access control check: No 'Access-Control-Allow-Origin' header is present on the requested resource. @ https://southedc.store/checkouts/cn/hWNDXp82Rd6DcsPrwIVKq7F6/en-us?_r=AQABeUTZ2vog61XnXOiZpoguukRMKqcqe1oXMj6yzfyJNGw:0
[   50103ms] [ERROR] Failed to load resource: net::ERR_FAILED @ https://us-central1-shopify-instrumentat-ff788286.cloudfunctions.net/telemetry:0
[   50364ms] [ERROR] [Order Builder] Error creating order: SessionTokenNotFoundError: No session token in data
    at b (https://southedc.store/cdn/shopifycloud/checkout-web/assets/c1/AnnouncementRuntimeExtensions.B-trxIaI.js:2:4337)
    at async Object.call (https://southedc.store/cdn/shopifycloud/checkout-web/assets/c1/esnext-vendor.enMNkKZ_.js:2:55245)
    at async MessagePort.f (https://southedc.store/cdn/shopifycloud/checkout-web/assets/c1/esnext-vendor.enMNkKZ_.js:2:58970) @ https://cdn.shopify.com/partners-extensions-scripts-bucket/ui_extension/handle/checkout-ui/version/v8.28.1-08.07.26-10.26.55/019a0be7-7506-73ab-a475-9792c61cd2e1/b3e41e1dfed70a8439b23b2413a12e86.js:11
[   50364ms] [WARNING] [Order Details] Empty breakdown — skipping updateAttribute @ https://cdn.shopify.com/partners-extensions-scripts-bucket/ui_extension/handle/checkout-ui/version/v8.28.1-08.07.26-10.26.55/019a0be7-7506-73ab-a475-9792c61cd2e1/b3e41e1dfed70a8439b23b2413a12e86.js:11
[   50366ms] SessionTokenNotFoundError: No session token in data
    at b (https://southedc.store/cdn/shopifycloud/checkout-web/assets/c1/AnnouncementRuntimeExtensions.B-trxIaI.js:2:4337)
    at async Object.call (https://southedc.store/cdn/shopifycloud/checkout-web/assets/c1/esnext-vendor.enMNkKZ_.js:2:55245)
    at async MessagePort.f (https://southedc.store/cdn/shopifycloud/checkout-web/assets/c1/esnext-vendor.enMNkKZ_.js:2:58970)
[32820329ms] [ERROR] Failed to load resource: net::ERR_INTERNET_DISCONNECTED @ https://monorail-edge.shopifysvc.com/unstable/produce_batch:0
[32820350ms] [ERROR] Failed to load resource: net::ERR_INTERNET_DISCONNECTED @ https://monorail-edge.shopifysvc.com/unstable/produce_batch:0
[32820608ms] [ERROR] Failed to load resource: net::ERR_INTERNET_DISCONNECTED @ https://southedc.store/api/collect:0
[32820804ms] [ERROR] Failed to load resource: net::ERR_INTERNET_DISCONNECTED @ https://otlp-http-production.shopifysvc.com/v1/metrics:0
[32820805ms] [WARNING] Failed to execute action. Retrying in 2066ms. @ https://southedc.store/cdn/shopifycloud/checkout-web/assets/c1/esnext-vendor.enMNkKZ_.js:7
[32820811ms] [ERROR] Failed to load resource: net::ERR_INTERNET_DISCONNECTED @ https://otlp-http-production.shopifysvc.com/v1/metrics:0
[32820812ms] [WARNING] Failed to execute action. Retrying in 2053ms. @ https://southedc.store/cdn/shopifycloud/checkout-web/assets/c1/esnext-vendor.enMNkKZ_.js:7
[32822034ms] [ERROR] Failed to load resource: net::ERR_INTERNET_DISCONNECTED @ https://monorail-edge.shopifysvc.com/unstable/produce_batch:0
[32822351ms] [ERROR] Failed to load resource: net::ERR_INTERNET_DISCONNECTED @ https://southedc.store/api/collect:0
[32822995ms] [ERROR] Failed to load resource: net::ERR_INTERNET_DISCONNECTED @ https://monorail-edge.shopifysvc.com/unstable/produce_batch:0
[32823040ms] [ERROR] Failed to load resource: net::ERR_INTERNET_DISCONNECTED @ https://otlp-http-production.shopifysvc.com/v1/metrics:0
[32823040ms] [WARNING] Failed to execute action. Retrying in 4062ms. @ https://southedc.store/cdn/shopifycloud/checkout-web/assets/c1/esnext-vendor.enMNkKZ_.js:7
[32823073ms] [ERROR] Failed to load resource: net::ERR_INTERNET_DISCONNECTED @ https://otlp-http-production.shopifysvc.com/v1/metrics:0
[32823073ms] [WARNING] Failed to execute action. Retrying in 4057ms. @ https://southedc.store/cdn/shopifycloud/checkout-web/assets/c1/esnext-vendor.enMNkKZ_.js:7
[32823799ms] [ERROR] Failed to load resource: net::ERR_INTERNET_DISCONNECTED @ https://monorail-edge.shopifysvc.com/unstable/produce_batch:0
[32824823ms] [ERROR] Failed to load resource: net::ERR_INTERNET_DISCONNECTED @ https://southedc.store/api/collect:0
[32824824ms] [ERROR] Failed to load resource: net::ERR_INTERNET_DISCONNECTED @ https://monorail-edge.shopifysvc.com/unstable/produce_batch:0
[32826284ms] [ERROR] Failed to load resource: net::ERR_INTERNET_DISCONNECTED @ https://monorail-edge.shopifysvc.com/unstable/produce_batch:0
[32826293ms] [ERROR] Failed to load resource: net::ERR_INTERNET_DISCONNECTED @ https://southedc.store/api/collect:0
[32826801ms] [ERROR] Failed to load resource: net::ERR_INTERNET_DISCONNECTED @ https://monorail-edge.shopifysvc.com/unstable/produce_batch:0
[32827113ms] [ERROR] Failed to load resource: net::ERR_INTERNET_DISCONNECTED @ https://otlp-http-production.shopifysvc.com/v1/logs:0
[32827114ms] [WARNING] Failed to execute action. Retrying in 2058ms. @ https://southedc.store/cdn/shopifycloud/checkout-web/assets/c1/esnext-vendor.enMNkKZ_.js:7
[32827138ms] [ERROR] Failed to load resource: net::ERR_INTERNET_DISCONNECTED @ https://otlp-http-production.shopifysvc.com/v1/logs:0
[32827138ms] [WARNING] Failed to execute action. Retrying in 2050ms. @ https://southedc.store/cdn/shopifycloud/checkout-web/assets/c1/esnext-vendor.enMNkKZ_.js:7
[32827320ms] [ERROR] Failed to load resource: net::ERR_INTERNET_DISCONNECTED @ https://monorail-edge.shopifysvc.com/unstable/produce_batch:0
[32827830ms] [ERROR] Failed to load resource: net::ERR_INTERNET_DISCONNECTED @ https://monorail-edge.shopifysvc.com/unstable/produce_batch:0
[32828349ms] [ERROR] Failed to load resource: net::ERR_INTERNET_DISCONNECTED @ https://monorail-edge.shopifysvc.com/unstable/produce_batch:0
[32828830ms] [ERROR] Failed to load resource: net::ERR_INTERNET_DISCONNECTED @ https://southedc.store/api/collect:0
[32828864ms] [ERROR] Failed to load resource: net::ERR_INTERNET_DISCONNECTED @ https://otlp-http-production.shopifysvc.com/v1/metrics:0
[32828864ms] [WARNING] Failed to execute action. Retrying in 2024ms. @ https://southedc.store/cdn/shopifycloud/checkout-web/assets/c1/esnext-vendor.enMNkKZ_.js:7
[32829517ms] [ERROR] Failed to load resource: net::ERR_INTERNET_DISCONNECTED @ https://otlp-http-production.shopifysvc.com/v1/logs:0
[32829517ms] [WARNING] Failed to execute action. Retrying in 4070ms. @ https://southedc.store/cdn/shopifycloud/checkout-web/assets/c1/esnext-vendor.enMNkKZ_.js:7
[32829717ms] [ERROR] Failed to load resource: net::ERR_INTERNET_DISCONNECTED @ https://otlp-http-production.shopifysvc.com/v1/logs:0
[32829718ms] [WARNING] Failed to execute action. Retrying in 4092ms. @ https://southedc.store/cdn/shopifycloud/checkout-web/assets/c1/esnext-vendor.enMNkKZ_.js:7
[32831137ms] [ERROR] Failed to load resource: net::ERR_INTERNET_DISCONNECTED @ https://otlp-http-production.shopifysvc.com/v1/metrics:0
[32831137ms] [WARNING] Failed to execute action. Retrying in 4073ms. @ https://southedc.store/cdn/shopifycloud/checkout-web/assets/c1/esnext-vendor.enMNkKZ_.js:7
[32831316ms] [ERROR] Failed to load resource: net::ERR_INTERNET_DISCONNECTED @ https://southedc.store/api/collect:0
[32835219ms] [ERROR] Failed to load resource: net::ERR_INTERNET_DISCONNECTED @ https://otlp-http-production.shopifysvc.com/v1/logs:0
[32835220ms] [WARNING] Failed to execute action. Retrying in 2021ms. @ https://southedc.store/cdn/shopifycloud/checkout-web/assets/c1/esnext-vendor.enMNkKZ_.js:7
[32836332ms] [ERROR] Failed to load resource: net::ERR_INTERNET_DISCONNECTED @ https://southedc.store/api/collect:0
[32837285ms] [ERROR] Failed to load resource: net::ERR_INTERNET_DISCONNECTED @ https://otlp-http-production.shopifysvc.com/v1/logs:0
[32837285ms] [WARNING] Failed to execute action. Retrying in 4013ms. @ https://southedc.store/cdn/shopifycloud/checkout-web/assets/c1/esnext-vendor.enMNkKZ_.js:7
[32841347ms] [ERROR] Failed to load resource: net::ERR_INTERNET_DISCONNECTED @ https://southedc.store/api/collect:0
