[    1393ms] [LOG] %c
🧩 Unlimited product options — enable product personalization with live preview.
⚙️ Easy to use, no coding required, fully compatible with all Shopify themes.
🏆 Trusted by 50,000+ Shopify merchants worldwide.
⭐ Over 3,300 positive reviews and growing!

🔗 Learn more at:
https://apps.shopify.com/product-options-pro?utm_source=storefront-console&utm_medium=attribution&utm_campaign=option-banner&utm_content=learn-more&utm_term=houdiniholsters.com font-size:13px;line-height: 1.5 @ https://cdn.shopify.com/extensions/019f3797-ea51-7974-91c7-82850a94b11a/globo-product-options-437/assets/gpomain.js:0
[    1407ms] [LOG] =================================================================================================================================== @ https://cdn-4.convertexperiments.com/v1/js/1004313-100415794.js:15
[    1410ms] Uncaught TypeError: Cannot read properties of null (reading 'addEventListener')
    at <anonymous> (https://cdn-4.convertexperiments.com/v1/js/1004313-100415794.js:42:43)
[    1407ms] [LOG] ✅ Cart drawer ready — all buttons and links enabled @ https://houdiniholsters.com/:2798
[    1408ms] [LOG] [DEBUG][RedirectCart] Script loaded @ https://houdiniholsters.com/:2814
[    1408ms] [LOG] [DEBUG][RedirectCart] Initialized with options {checkoutButtonSelector: [type="submit"][name="checkout"], checkoutUrl: https://secure.houdiniholsters.com/Checkouts} @ https://houdiniholsters.com/:2827
[    1410ms] [LOG] [DEBUG][RedirectCart] Inject @ https://houdiniholsters.com/:2832
[    1581ms] [LOG] %cConvert Web Pixel #91: Registering... color: lightgreen @ https://houdiniholsters.com/web-pixels/strict/app/web-pixel-1119027501@841ff2a2bc7aebc985912449e5223cdf.js:0
[    1581ms] [INFO] k-web-pixel-version 1 @ https://houdiniholsters.com/web-pixels/strict/app/web-pixel-1498448173@524f6c1ee37bacdca7657a665bdca589.js:0
[    2515ms] [WARNING] In a sandboxed environment, addEventListener may not behave as expected. @ https://houdiniholsters.com/cdn/wpm/s735cddb9w3b15c63ap0a429291mefceb1d5m.js:0
[    3308ms] [LOG] 👏 %cCongratulations!%c This website is integrated with %cwetracked.io%c. font-weight: bold font-weight: normal font-weight: bold;background-image:linear-gradient(to right,#087EED,#52B6FF);color: #fff;padding: 0 4px;border-radius: 4px; font-weight: normal @ https://cdn.shopify.com/proxy/0ac933959df0bc43004a5106a7f33a401b2f278f38c124e2b8db62d86aef15bd/pixel.wetracked.io/houdini-holsters.myshopify.com/events.js?shop=houdini-holsters.myshopify.com&sp-cache-control=cHVibGljLCBtYXgtYWdlPTkwMA:0
[    3701ms] [WARNING] In a sandboxed environment, addEventListener may not behave as expected. @ https://houdiniholsters.com/cdn/wpm/s735cddb9w3b15c63ap0a429291mefceb1d5m.js:0
[    4713ms] [INFO] Clear-Site-Data header on 'https://houdiniholsters.com/cart.js': Cleared data types: "prefetchCache", "prerenderCache". @ https://houdiniholsters.com/:0
[    5160ms] [ERROR] Failed to load resource: the server responded with a status of 404 () @ https://houdiniholsters.com/apps/wt-connect-pixel:0
[    5647ms] [ERROR] Failed to load resource: the server responded with a status of 404 () @ https://id5-sync.com/k/264.gif?puid=237d7194-5369-478c-b1e1-858d76505cd6&ttl=%%TTL%%:0
[   10413ms] [ERROR] Failed to load resource: net::ERR_TOO_MANY_REDIRECTS @ https://pixel.tapad.com/idsync/ex/push/check?partner_id=2499&partner_device_id=73d22f33-30d2-493f-84f1-3b4c05567d1f-6a3396a8-564e&partner_url=https%3A%2F%2Fid5-sync.com%2Fc%2F1941%2F826%2F0%2F9.gif%3Fpuid%3D73d22f33-30d2-493f-84f1-3b4c05567d1f-6a3396a8-564e%26gdpr%3D0%26gdpr_consent%3D:0
