[    1683ms] [LOG] [PosthogIdentify] Check: {userId: fa54c9a0-e333-4bd0-bc8f-d18394227330, email: email@patiagency.com, posthogReady: true} @ https://app.trendtrack.io/_next/static/chunks/0f8d_.0e-e64l.js:5
[    1684ms] [LOG] [PosthogIdentify] Identifying user: fa54c9a0-e333-4bd0-bc8f-d18394227330 @ https://app.trendtrack.io/_next/static/chunks/0f8d_.0e-e64l.js:5
[    1820ms] [LOG] [Churnkey] Embed v1.0.63 @ https://app.trendtrack.io/_next/static/chunks/0f8d_.0e-e64l.js:5
[    2175ms] Uncaught TypeError: a[c] is not a function
    at <anonymous> (https://www.clarity.ms/tag/qzxsxqt0go:0:29)
    at <anonymous> (https://www.clarity.ms/tag/qzxsxqt0go:0:370)
[    2234ms] [ERROR] Failed to load resource: the server responded with a status of 422 () @ https://t.firstpromoter.com/tr:0
[    6869ms] [ERROR] Failed to load resource: the server responded with a status of 429 () @ https://o4508155227930624.ingest.de.sentry.io/api/4510255153807440/envelope/?sentry_version=7&sentry_key=501cb99db75dfe0a007118e740977c3d&sentry_client=sentry.javascript.nextjs%2F10.34.0:0
[   32662ms] [ERROR] Failed to load resource: net::ERR_TIMED_OUT @ https://api-iam.intercom.io/messenger/web/launcher_settings:0
[   32666ms] [ERROR] Failed to load resource: net::ERR_TIMED_OUT @ https://api-iam.intercom.io/messenger/web/ping:0
[   33936ms] [ERROR] Failed to load resource: net::ERR_CONNECTION_CLOSED @ https://r2.trendtrack.io/profile_picture/1106500705879907.jpg:0
[   33952ms] [ERROR] Failed to load resource: net::ERR_CONNECTION_CLOSED @ https://r2.trendtrack.io/profile_picture/1065514799987026.jpg:0
[   33954ms] [ERROR] Failed to load resource: net::ERR_CONNECTION_CLOSED @ https://r2.trendtrack.io/profile_picture/145963862751924.jpg:0
[   35265ms] [ERROR] Failed to load resource: net::ERR_CONNECTION_CLOSED @ https://medias.trendtrack.io/image/facebook/1283886603416066.jpg:0
[   35269ms] [ERROR] Failed to load resource: net::ERR_CONNECTION_CLOSED @ https://medias.trendtrack.io/thumbnails/facebook/1513720350400681.jpg:0
[   35269ms] [ERROR] Failed to load resource: net::ERR_CONNECTION_CLOSED @ https://medias.trendtrack.io/thumbnails/facebook/1974546699830710.jpg:0
[   35270ms] [ERROR] Failed to load resource: net::ERR_CONNECTION_CLOSED @ https://medias.trendtrack.io/thumbnails/facebook/1462953435862899.jpg:0
[   35270ms] [ERROR] Failed to load resource: net::ERR_CONNECTION_CLOSED @ https://medias.trendtrack.io/thumbnails/facebook/725579496798459.jpg:0
[   35270ms] [ERROR] Failed to load resource: net::ERR_CONNECTION_CLOSED @ https://medias.trendtrack.io/thumbnails/facebook/1064801979056386.jpg:0
[   65679ms] [ERROR] Failed to load resource: net::ERR_CONNECTION_CLOSED @ https://medias.trendtrack.io/image/facebook/721031860772549.jpg:0
[   65823ms] [ERROR] Failed to load resource: net::ERR_CONNECTION_CLOSED @ https://medias.trendtrack.io/image/facebook/27107562155602946.jpg:0
[   65827ms] [ERROR] Failed to load resource: net::ERR_CONNECTION_CLOSED @ https://medias.trendtrack.io/thumbnails/facebook/1462953435862899.jpg:0
[   65827ms] [ERROR] Failed to load resource: net::ERR_CONNECTION_CLOSED @ https://medias.trendtrack.io/thumbnails/facebook/725579496798459.jpg:0
[   65827ms] [ERROR] Failed to load resource: net::ERR_CONNECTION_CLOSED @ https://medias.trendtrack.io/thumbnails/facebook/1064801979056386.jpg:0
[   65827ms] [ERROR] Failed to load resource: net::ERR_CONNECTION_CLOSED @ https://medias.trendtrack.io/thumbnails/facebook/1974546699830710.jpg:0
[   95855ms] [ERROR] Failed to load resource: net::ERR_CONNECTION_CLOSED @ https://medias.trendtrack.io/thumbnails/facebook/1513720350400681.jpg:0
