[     567ms] Uncaught (in promise) Error: Aborting execution.
    at <anonymous> (https://cdn-4.convertexperiments.com/v1/js/1004313-100415794.js:1057:9680)
    at <anonymous> (https://cdn-4.convertexperiments.com/v1/js/1004313-100415794.js:1057:165885)
    at <anonymous> (https://cdn-4.convertexperiments.com/v1/js/1004313-100415794.js:1058:2)
[    1116ms] [WARNING] Allow attribute will take precedence over 'allowfullscreen'. @ https://houdiniholsters.com/products/breakout-2-0-holster-built-for-maximum-concealment-copy-v1:4092
[    1251ms] [LOG] %c
🧩 Unlimited product options — enable product personalization with live preview.
⚙️ Easy to use, no coding required, fully compatible with all Shopify themes.
🏆 Trusted by 50,000+ Shopify merchants worldwide.
⭐ Over 3,300 positive reviews and growing!

🔗 Learn more at:
https://apps.shopify.com/product-options-pro?utm_source=storefront-console&utm_medium=attribution&utm_campaign=option-banner&utm_content=learn-more&utm_term=houdiniholsters.com font-size:13px;line-height: 1.5 @ https://cdn.shopify.com/extensions/019f3797-ea51-7974-91c7-82850a94b11a/globo-product-options-437/assets/gpomain.js:0
[    1431ms] [LOG] %cConvert Web Pixel #91: Registering... color: lightgreen @ https://houdiniholsters.com/web-pixels/strict/app/web-pixel-1119027501@841ff2a2bc7aebc985912449e5223cdf.js:0
[    1924ms] [LOG] =================================================================================================================================== @ https://cdn-4.convertexperiments.com/v1/js/1004313-100415794.js:15
[    1925ms] [LOG] ✅ Cart drawer ready — all buttons and links enabled @ https://houdiniholsters.com/products/breakout-2-0-holster-built-for-maximum-concealment-copy-v1:5803
[    1925ms] [LOG] [DEBUG][RedirectCart] Script loaded @ https://houdiniholsters.com/products/breakout-2-0-holster-built-for-maximum-concealment-copy-v1:5819
[    1925ms] [LOG] [DEBUG][RedirectCart] Initialized with options {checkoutButtonSelector: [type="submit"][name="checkout"], checkoutUrl: https://secure.houdiniholsters.com/Checkouts} @ https://houdiniholsters.com/products/breakout-2-0-holster-built-for-maximum-concealment-copy-v1:5832
[    1925ms] [LOG] [DEBUG][RedirectCart] Inject @ https://houdiniholsters.com/products/breakout-2-0-holster-built-for-maximum-concealment-copy-v1:5837
[    1941ms] [ERROR] Failed to load resource: the server responded with a status of 404 () @ https://sa.searchatlas.com/api/v2/otto-url-details/?url=https%3A%2F%2Fhoudiniholsters.com%2Fproducts%2Fbreakout-2-0-holster-built-for-maximum-concealment-copy-v1&uuid=6446c532-5dc1-483b-acd5-6c9859912821:0
[    1945ms] [INFO] k-web-pixel-version 1 @ https://houdiniholsters.com/web-pixels/strict/app/web-pixel-1498448173@524f6c1ee37bacdca7657a665bdca589.js:0
[    2275ms] [WARNING] In a sandboxed environment, addEventListener may not behave as expected. @ https://houdiniholsters.com/cdn/wpm/s735cddb9w3b15c63ap0a429291mefceb1d5m.js:0
[    2864ms] [LOG] 👏 %cCongratulations!%c This website is integrated with %cwetracked.io%c. font-weight: bold font-weight: normal font-weight: bold;background-image:linear-gradient(to right,#087EED,#52B6FF);color: #fff;padding: 0 4px;border-radius: 4px; font-weight: normal @ https://cdn.shopify.com/proxy/0ac933959df0bc43004a5106a7f33a401b2f278f38c124e2b8db62d86aef15bd/pixel.wetracked.io/houdini-holsters.myshopify.com/events.js?shop=houdini-holsters.myshopify.com&sp-cache-control=cHVibGljLCBtYXgtYWdlPTkwMA:0
[    3003ms] [WARNING] In a sandboxed environment, addEventListener may not behave as expected. @ https://houdiniholsters.com/cdn/wpm/s735cddb9w3b15c63ap0a429291mefceb1d5m.js:0
[    3531ms] [INFO] Clear-Site-Data header on 'https://houdiniholsters.com/cart.js': Cleared data types: "prefetchCache", "prerenderCache". @ https://houdiniholsters.com/products/breakout-2-0-holster-built-for-maximum-concealment-copy-v1:0
[    4581ms] [ERROR] Failed to load resource: the server responded with a status of 404 () @ https://houdiniholsters.com/apps/wt-connect-pixel:0
