[     874ms] [LOG] Analyzify settings loaded in 0.20ms. @ https://primalqueen.com/pages/tiktok:3103
[     877ms] [LOG] Analyzify 4.3.94 is ready. @ https://cdn.shopify.com/extensions/019f3664-7012-722f-988e-012536649f1c/analyzify-ga4-ads-tracking-317/assets/an_analyzify.js:4521
[     880ms] [LOG] Shop URL stored in session storage: 3be06b-2.myshopify.com @ https://primalqueen.com/pages/tiktok:3841
[     880ms] [LOG] Liquid running ga4 tracker pro 22nd July 2024 14:10 @ https://primalqueen.com/pages/tiktok:3842
[     928ms] [LOG] [Alia app extension] v1.0.5 @ https://primalqueen.com/pages/tiktok:31088
[    1195ms] [LOG] [polaris] initializing polaris... @ https://polaris.truevaultcdn.com/static/pc/ZG24QTEYP/polaris.js:0
[    1225ms] [LOG] Monitor - fraudDetectBot null @ https://cdn.shopify.com/extensions/019f4b6d-6684-76aa-8988-e0df160ee33a/version_03418f84-2026-07-10_16h47m/assets/recorder.msr.js:0
[    1282ms] [LOG] %c 🫕 4e875f9b0003233818517ca87bd8df2a5f1e3905 🫕 background: #FACC14; color: #423121 @ https://public.getfondue.com/cashback-extension/cart/fundle.js?v=821da3e2628e25ac60abd6ec2b6827939ad14f8e:0
[    1656ms] [ERROR] Failed to load resource: the server responded with a status of 405 () @ https://app.shoplift.ai/api/v0/visitors:0
[    1658ms] TypeError: Cannot read properties of undefined (reading 'isBot')
    at S (https://primalqueen.com/pages/tiktok:35:2272)
    at R.init (https://primalqueen.com/pages/tiktok:35:35131)
    at async https://primalqueen.com/pages/tiktok:35:42107
[    1722ms] [LOG] [UGC Web Pixel] Initializing UGC Attribution Web Pixel @ https://primalqueen.com/web-pixels/strict/app/web-pixel-1358692629@a669bd97c221b9d4062a448fa387dcbc.js:0
[    1723ms] [LOG] [UGC Web Pixel] Creating new visitor ID: e7a4d8c1-e3dc-4676-ba07-236e4f226e22 @ https://primalqueen.com/web-pixels/strict/app/web-pixel-1358692629@a669bd97c221b9d4062a448fa387dcbc.js:0
[    1724ms] [LOG] Alia web pixel @ https://primalqueen.com/web-pixels/strict/app/web-pixel-1421967637@fa6f9d43003c1ab541cc9fd10b9e4271.js:0
[    1730ms] [LOG] [TABOOLA DEBUG SANDBOXED] - Extension Loaded @ https://primalqueen.com/web-pixels/strict/app/web-pixel-852197653@256e0f107bfa102eabd3cbf632fd11d1.js:0
[    1741ms] [LOG] [Aimerce] Web Pixel loaded, last refreshed at 9/4/2025, 6:33:25 AM settings {accountID: 3be06b-2.myshopify.com, devRefreshedAt: 2025-09-03T23:33:25.975Z} {analyticsAllowed: true, marketingAllowed: true} @ https://primalqueen.com/web-pixels/strict/app/web-pixel-1095598357@344ecf25ebb31a8e8074424f260d70fc.js:0
[    1743ms] [INFO] k-web-pixel-version 1 @ https://primalqueen.com/web-pixels/strict/app/web-pixel-1118634261@524f6c1ee37bacdca7657a665bdca589.js:0
[    1743ms] [LOG] [UGC Web Pixel] Visitor ID cookie set successfully: e7a4d8c1-e3dc-4676-ba07-236e4f226e22 @ https://primalqueen.com/web-pixels/strict/app/web-pixel-1358692629@a669bd97c221b9d4062a448fa387dcbc.js:0
[    1745ms] [LOG] %c PageFly %c Customer Events Tracker %c Version 2.1.12 %c background:#4a4cf6;padding:2px 1px;border-radius:3px 0 0 3px;color:#FFFFFF background:#0094ff;padding:2px 1px;color:#000000 background:#FE2C55;padding:2px 1px;border-radius:0 3px 3px 0;color:#25F4EE background:transparent @ https://primalqueen.com/web-pixels/strict/app/web-pixel-1355088149@cc510d1a3167776ef03f2a6c403db7ae.js:0
[    1747ms] [LOG] [UGC Web Pixel] Created new session: cb419db0-b28e-4976-9e19-09d71a96ea14 @ https://primalqueen.com/web-pixels/strict/app/web-pixel-1358692629@a669bd97c221b9d4062a448fa387dcbc.js:0
[    1747ms] [LOG] [UGC Web Pixel] Session setup complete: {visitorId: e7a4d8c1-e3dc-4676-ba07-236e4f226e22, sessionId: cb419db0-b28e-4976-9e19-09d71a96ea14, isNewVisitor: true, isNewSession: true} @ https://primalqueen.com/web-pixels/strict/app/web-pixel-1358692629@a669bd97c221b9d4062a448fa387dcbc.js:0
[    1747ms] [LOG] [UGC Web Pixel] Session data initialized: {vid: e7a4d8c1-e3dc-4676-ba07-236e4f226e22, sessionId: cb419db0-b28e-4976-9e19-09d71a96ea14, storeId: b78192ee-6a48-4675-83b3-e9a0193d1f32, startTime: 1783934472437, landingUrl: https://primalqueen.com/pages/tiktok} @ https://primalqueen.com/web-pixels/strict/app/web-pixel-1358692629@a669bd97c221b9d4062a448fa387dcbc.js:0
[    1747ms] [LOG] [UGC Web Pixel] Trybe Attribution Web Pixel initialized successfully @ https://primalqueen.com/web-pixels/strict/app/web-pixel-1358692629@a669bd97c221b9d4062a448fa387dcbc.js:0
[    1775ms] [LOG] jQuery is loaded! @ https://primalqueen.com/pages/tiktok:3827
[    1777ms] [ERROR] Failed to load resource: the server responded with a status of 404 () @ https://primalqueen.com/apps/truevault/api/v1/cmp/consent?privacy_center_id=ZG24QTEYP&provider=shopify&client_id=7fe49e1c-a669-4ea1-88c0-aeb5a6174c07&currentAdvertising=true&currentTargetedAdvertising=true&currentAnalytics=true&currentPersonalization=true&currentOptOut=false&currentImplicit=true:0
[    1778ms] [INFO] The 404 from https://primalqueen.com/apps/truevault/api/v1/cmp/consent?privacy_center_id=ZG24QTEYP&provider=shopify&client_id=7fe49e1c-a669-4ea1-88c0-aeb5a6174c07&currentAdvertising=true&currentTargetedAdvertising=true&currentAnalytics=true&currentPersonalization=true&currentOptOut=false&currentImplicit=true is expected if the TrueVault Shopify app is not installed on this store. Cross-platform consent (syncing consent for logged-in Shopify customers) requires the TrueVault Shopify app. Nothing is broken - the CMP will continue to work normally. If you would like to enable cross-platform consent, you can install the TrueVault Shopify app by enabling the Shopify integration in TrueVault. @ https://polaris.truevaultcdn.com/static/pc/ZG24QTEYP/polaris.js:0
[    1782ms] [WARNING] In a sandboxed environment, addEventListener may not behave as expected. @ https://primalqueen.com/web-pixels@f6c7071awd5ae59d6p44dd2b88md1137ce3/custom/web-pixel-110166293@6/sandbox/modern/pages/tiktok:6
[    1985ms] [LOG] [UGC Web Pixel] Event queued: page_view {eventId: df01fb05-ffa3-4080-8349-18d0b7208bf0, name: page_view, timestamp: 2026-07-13T09:21:11.821Z, storeId: b78192ee-6a48-4675-83b3-e9a0193d1f32, sessionId: cb419db0-b28e-4976-9e19-09d71a96ea14} @ https://primalqueen.com/web-pixels/strict/app/web-pixel-1358692629@a669bd97c221b9d4062a448fa387dcbc.js:0
[    2472ms] [WARNING] In a sandboxed environment, addEventListener may not behave as expected. @ https://primalqueen.com/web-pixels@f6c7071awd5ae59d6p44dd2b88md1137ce3/custom/web-pixel-109150485@1/sandbox/modern/pages/tiktok:6
[    2729ms] [INFO] Clear-Site-Data header on 'https://primalqueen.com/cart/update.js': Cleared data types: "prefetchCache", "prerenderCache". @ https://primalqueen.com/pages/tiktok:0
[    3134ms] [LOG] running ga4-ua-ads-meta-ga42-tiktok-opt-meta2 21st November 2025 v1 @ https://ga4appstatic.ga4app.com/js/ga4.min.js:0
[    3136ms] [LOG] running ga4 tracker pro 26 april 14:40 @ https://cdn.shopify.com/extensions/019aa7ae-0ba5-7570-a76d-71a427de5a3c/ga4app-1-99/assets/app.js:0
[    3146ms] [LOG] 🔷🔷🔷🔷🔷🔷🔷🔷 @ https://cdn.shopify.com/extensions/019f3586-3c8d-7795-97c5-6cb0f8eb927c/twitter-multi-pixels-1-52/assets/twitter-pixel.minify.js:0
[    3659ms] [LOG] [Alia launcher] 3be06b-2.myshopify.com @ https://backend.alia-prod.com/public/launcher.js?shop=3be06b-2.myshopify.com:0
[    3689ms] [LOG] %c Fondue CashBack extension is DISABLED background: #FACC14; color: #423121 @ https://public.getfondue.com/cashback-extension/cart/fundle.js?v=821da3e2628e25ac60abd6ec2b6827939ad14f8e:0
[    3977ms] [INFO] Clear-Site-Data header on 'https://primalqueen.com/cart/update.js': Cleared data types: "prefetchCache", "prerenderCache". @ https://primalqueen.com/pages/tiktok:0
[    3988ms] [LOG] [UGC Web Pixel] Sending batch of 1 events @ https://primalqueen.com/web-pixels/strict/app/web-pixel-1358692629@a669bd97c221b9d4062a448fa387dcbc.js:0
[    3988ms] [LOG] [UGC Web Pixel] Sending event batch: {storeId: b78192ee-6a48-4675-83b3-e9a0193d1f32, vid: e7a4d8c1-e3dc-4676-ba07-236e4f226e22, eventCount: 1, endpoint: https://jointrybe.com/attribution/v1/events/batch} @ https://primalqueen.com/web-pixels/strict/app/web-pixel-1358692629@a669bd97c221b9d4062a448fa387dcbc.js:0
[    4318ms] [LOG] GA4 Snippet loaded from location 3 @ https://ga4appstatic.ga4app.com/js/ga4.min.js:0
[    4982ms] [LOG] [TABOOLA DEBUG] - Loading tfa.js @ https://spfy-pxl.archive-digger.com/assets/script_tag.js?shopId=3be06b-2.myshopify.com&taboolaId=1729304&ecav=true&eh=true&ess=true&ep=true&eatc=true&eprv=true&ecv=true&epv=true&esc=true&shop=3be06b-2.myshopify.com:234
[    4982ms] [LOG] [TABOOLA DEBUG] - tfa.js Loaded successfully @ https://spfy-pxl.archive-digger.com/assets/script_tag.js?shopId=3be06b-2.myshopify.com&taboolaId=1729304&ecav=true&eh=true&ess=true&ep=true&eatc=true&eprv=true&ecv=true&epv=true&esc=true&shop=3be06b-2.myshopify.com:244
[    4982ms] [LOG] [TABOOLA DEBUG] - HEALTH LOG - Before [[page_view]] - before_tfa @ https://spfy-pxl.archive-digger.com/assets/script_tag.js?shopId=3be06b-2.myshopify.com&taboolaId=1729304&ecav=true&eh=true&ess=true&ep=true&eatc=true&eprv=true&ecv=true&epv=true&esc=true&shop=3be06b-2.myshopify.com:34
[    4983ms] [LOG] [TABOOLA DEBUG] - HEALTH LOG - After [[page_view]] - after_tfa @ https://spfy-pxl.archive-digger.com/assets/script_tag.js?shopId=3be06b-2.myshopify.com&taboolaId=1729304&ecav=true&eh=true&ess=true&ep=true&eatc=true&eprv=true&ecv=true&epv=true&esc=true&shop=3be06b-2.myshopify.com:34
[    4983ms] [LOG] [TABOOLA DEBUG] - HEALTH LOG - Before [[page_view]] http method - before_http @ https://spfy-pxl.archive-digger.com/assets/script_tag.js?shopId=3be06b-2.myshopify.com&taboolaId=1729304&ecav=true&eh=true&ess=true&ep=true&eatc=true&eprv=true&ecv=true&epv=true&esc=true&shop=3be06b-2.myshopify.com:34
[    4983ms] [LOG] [TABOOLA DEBUG] - HEALTH LOG - After [[page_view]] http method - after_http @ https://spfy-pxl.archive-digger.com/assets/script_tag.js?shopId=3be06b-2.myshopify.com&taboolaId=1729304&ecav=true&eh=true&ess=true&ep=true&eatc=true&eprv=true&ecv=true&epv=true&esc=true&shop=3be06b-2.myshopify.com:34
[    4994ms] [LOG] [UGC Web Pixel] Events sent successfully: {success: true, data: Object, requestId: cd7cfee0-56ef-450f-bc5c-8405051355f8} @ https://primalqueen.com/web-pixels/strict/app/web-pixel-1358692629@a669bd97c221b9d4062a448fa387dcbc.js:0
[    4994ms] [LOG] [UGC Web Pixel] ✅ Server reused EXISTING visitor: e7a4d8c1-e3dc-4676-ba07-236e4f226e22 @ https://primalqueen.com/web-pixels/strict/app/web-pixel-1358692629@a669bd97c221b9d4062a448fa387dcbc.js:0
[   25900ms] [WARNING] The resource https://fonts.gstatic.com/s/inter/v20/UcCo3FwrK3iLTcviYwYZ8UA3.woff2 was preloaded using link preload but not used within a few seconds from the window's load event. Please make sure it has an appropriate `as` value and it is preloaded intentionally. @ https://primalqueen.com/pages/tiktok:0
[   30295ms] [WARNING] The resource https://fonts.gstatic.com/s/inter/v20/UcCo3FwrK3iLTcviYwYZ8UA3.woff2 was preloaded using link preload but not used within a few seconds from the window's load event. Please make sure it has an appropriate `as` value and it is preloaded intentionally. @ https://primalqueen.com/pages/tiktok:0
[   41566ms] [WARNING] The resource https://fonts.gstatic.com/s/inter/v20/UcCo3FwrK3iLTcviYwYZ8UA3.woff2 was preloaded using link preload but not used within a few seconds from the window's load event. Please make sure it has an appropriate `as` value and it is preloaded intentionally. @ https://primalqueen.com/pages/tiktok:0
[   48964ms] [WARNING] The resource https://fonts.gstatic.com/s/inter/v20/UcCo3FwrK3iLTcviYwYZ8UA3.woff2 was preloaded using link preload but not used within a few seconds from the window's load event. Please make sure it has an appropriate `as` value and it is preloaded intentionally. @ https://primalqueen.com/pages/tiktok:0
[   58968ms] [WARNING] The resource https://fonts.gstatic.com/s/inter/v20/UcCo3FwrK3iLTcviYwYZ8UA3.woff2 was preloaded using link preload but not used within a few seconds from the window's load event. Please make sure it has an appropriate `as` value and it is preloaded intentionally. @ https://primalqueen.com/pages/tiktok:0
[   72014ms] [WARNING] The resource https://fonts.gstatic.com/s/inter/v20/UcCo3FwrK3iLTcviYwYZ8UA3.woff2 was preloaded using link preload but not used within a few seconds from the window's load event. Please make sure it has an appropriate `as` value and it is preloaded intentionally. @ https://primalqueen.com/pages/tiktok:0
[   79865ms] [WARNING] The resource https://fonts.gstatic.com/s/inter/v20/UcCo3FwrK3iLTcviYwYZ8UA3.woff2 was preloaded using link preload but not used within a few seconds from the window's load event. Please make sure it has an appropriate `as` value and it is preloaded intentionally. @ https://primalqueen.com/pages/tiktok:0
[   88976ms] [WARNING] The resource https://fonts.gstatic.com/s/inter/v20/UcCo3FwrK3iLTcviYwYZ8UA3.woff2 was preloaded using link preload but not used within a few seconds from the window's load event. Please make sure it has an appropriate `as` value and it is preloaded intentionally. @ https://primalqueen.com/pages/tiktok:0
[   98983ms] [WARNING] The resource https://fonts.gstatic.com/s/inter/v20/UcCo3FwrK3iLTcviYwYZ8UA3.woff2 was preloaded using link preload but not used within a few seconds from the window's load event. Please make sure it has an appropriate `as` value and it is preloaded intentionally. @ https://primalqueen.com/pages/tiktok:0
[  149599ms] [WARNING] The resource https://fonts.gstatic.com/s/inter/v20/UcCo3FwrK3iLTcviYwYZ8UA3.woff2 was preloaded using link preload but not used within a few seconds from the window's load event. Please make sure it has an appropriate `as` value and it is preloaded intentionally. @ https://primalqueen.com/pages/tiktok:0
[  210669ms] [WARNING] The resource https://fonts.gstatic.com/s/inter/v20/UcCo3FwrK3iLTcviYwYZ8UA3.woff2 was preloaded using link preload but not used within a few seconds from the window's load event. Please make sure it has an appropriate `as` value and it is preloaded intentionally. @ https://primalqueen.com/pages/tiktok:0
[  271693ms] [WARNING] The resource https://fonts.gstatic.com/s/inter/v20/UcCo3FwrK3iLTcviYwYZ8UA3.woff2 was preloaded using link preload but not used within a few seconds from the window's load event. Please make sure it has an appropriate `as` value and it is preloaded intentionally. @ https://primalqueen.com/pages/tiktok:0
[  291621ms] [WARNING] The resource https://fonts.gstatic.com/s/inter/v20/UcCo3FwrK3iLTcviYwYZ8UA3.woff2 was preloaded using link preload but not used within a few seconds from the window's load event. Please make sure it has an appropriate `as` value and it is preloaded intentionally. @ https://primalqueen.com/pages/tiktok:0
