[    1434ms] [WARNING] <link rel=preload> must have a valid `as` value @ https://www.wolftacticalusa.com/products/drop-leg-holster:950
[    2124ms] [LOG] Loading amp embedded upsell @ https://www.wolftacticalusa.com/products/drop-leg-holster:3262
[    2126ms] [LOG] Full Product Object: {id: 6865331585124, title: Drop Leg Holster, handle: drop-leg-holster, description: <p><span>【<meta charset="utf-8">DROP LEG GUN HOLST…vailable in Black or Tan</span></span></li>
</ul>, published_at: 2022-06-16T13:40:46-04:00} @ https://www.wolftacticalusa.com/products/drop-leg-holster:3415
[    2127ms] [LOG] Detailed Variants List: [Object] @ https://www.wolftacticalusa.com/products/drop-leg-holster:3416
[    2367ms] [LOG] Loading amp conversion cart @ https://www.wolftacticalusa.com/products/drop-leg-holster:4833
[    2800ms] [LOG] Impulse theme (5.1.2) by ARCHΞTYPE | Learn more at https://archetypethemes.co @ https://www.wolftacticalusa.com/cdn/shop/t/24/assets/theme.min.js?v=145654977113948214481760943909:12
[    2897ms] [ERROR] Shopify's Google Analytics stub called with: [create, UA-172966653-1, Object] 
See https://help.shopify.com/manual/promoting-marketing/pixels/pixel-migration#google for more information. @ https://www.wolftacticalusa.com/products/drop-leg-holster:1427
[    2897ms] [ERROR] Shopify's Google Analytics stub called with: [gtm4.set, Object] 
See https://help.shopify.com/manual/promoting-marketing/pixels/pixel-migration#google for more information. @ https://www.wolftacticalusa.com/products/drop-leg-holster:1427
[    2897ms] [ERROR] Shopify's Google Analytics stub called with: [gtm4.require, displayfeatures, undefined, Object] 
See https://help.shopify.com/manual/promoting-marketing/pixels/pixel-migration#google for more information. @ https://www.wolftacticalusa.com/products/drop-leg-holster:1427
[    2897ms] [ERROR] Shopify's Google Analytics stub called with: [gtm4.send, pageview] 
See https://help.shopify.com/manual/promoting-marketing/pixels/pixel-migration#google for more information. @ https://www.wolftacticalusa.com/products/drop-leg-holster:1427
[    2986ms] [LOG] Variant images in V1 mode @ https://www.wolftacticalusa.com/cdn/shop/t/24/assets/productwiz-rio.js?v=74747615696576344871760943907:15
[    3327ms] [LOG] [OM GlobalScripts Early] No scripts configured @ https://cdn-asset.optimonk.com/script.esm/embedded.5764e73d.js:0
[    3436ms] [INFO] [CI] INFO CartIntegration For MerchantPro @ https://cdn-asset.optimonk.com/script.esm/popup-5f673265.js:0
[    3948ms] [ERROR] Failed to load resource: the server responded with a status of 409 (Conflict) @ https://cf.wolfclicktrack.com/clickupd/6a3396a6162c3480eb419508?fbp=fb.1.1781765799470.566700230176372824.AQYCAQMB:0
[    4187ms] Identifier 'doRatingSnippetReq' has already been declared
[    4194ms] [LOG] viewcontent @ https://cf.wolfclicktrack.com/eventsv2.js:17
[    4256ms] [WARNING] Ecom popup data element not found @ https://cdn.shopify.com/extensions/019ed333-004a-7189-85e3-0e674dbb075e/ecomposer-130/assets/ecom_popup.js:0
[    4312ms] [INFO] INFO: [spiffy-ai] Feature gate userQueryAwaysEnabled check {userQueryAwaysEnabled: false, config: true} @ https://cdn.spiffy.ai/production/universal-build/spiffy-react-components/chunk-merchant-common-BagL2guJ.js:0
[    4312ms] [INFO] INFO: [spiffy-ai] Feature gate enableWatermark check {enableWatermark: true, floatingChatConfig: Object} @ https://cdn.spiffy.ai/production/universal-build/spiffy-react-components/chunk-merchant-common-BagL2guJ.js:0
[    4638ms] [LOG] AMP::UPSELLS - Journeys ordered by priority EmbeddedProductTarget [Object, Object] @ https://cdn.shopify.com/extensions/019d09ac-8112-7bea-8cdf-c74bb64ee506/post-purchase-985/assets/embedded-product.js:165
[    4638ms] [LOG] AMP::UPSELLS - Journeys satisfying conditions EmbeddedProductTarget [Object] @ https://cdn.shopify.com/extensions/019d09ac-8112-7bea-8cdf-c74bb64ee506/post-purchase-985/assets/embedded-product.js:165
[    4638ms] [LOG] AMP::UPSELLS - Journeys with offers EmbeddedProductTarget [Object] @ https://cdn.shopify.com/extensions/019d09ac-8112-7bea-8cdf-c74bb64ee506/post-purchase-985/assets/embedded-product.js:165
[    4638ms] [LOG] AMP::UPSELLS - Pre filter journey upsells EmbeddedProductTarget [] @ https://cdn.shopify.com/extensions/019d09ac-8112-7bea-8cdf-c74bb64ee506/post-purchase-985/assets/embedded-product.js:165
[    4638ms] [LOG] AMP::UPSELLS - Filtered journey upsells EmbeddedProductTarget [] @ https://cdn.shopify.com/extensions/019d09ac-8112-7bea-8cdf-c74bb64ee506/post-purchase-985/assets/embedded-product.js:165
[    4639ms] [LOG] AMP::UPSELLS - Journeys ordered by priority PrePurchaseTarget [Object, Object] @ https://cdn.shopify.com/extensions/019d09ac-8112-7bea-8cdf-c74bb64ee506/post-purchase-985/assets/cart.js:169
[    4639ms] [LOG] AMP::UPSELLS - Journeys satisfying conditions PrePurchaseTarget [Object] @ https://cdn.shopify.com/extensions/019d09ac-8112-7bea-8cdf-c74bb64ee506/post-purchase-985/assets/cart.js:169
[    4639ms] [LOG] AMP::UPSELLS - Journeys with offers PrePurchaseTarget [Object] @ https://cdn.shopify.com/extensions/019d09ac-8112-7bea-8cdf-c74bb64ee506/post-purchase-985/assets/cart.js:169
[    4639ms] [LOG] AMP::UPSELLS - Pre filter journey upsells PrePurchaseTarget [] @ https://cdn.shopify.com/extensions/019d09ac-8112-7bea-8cdf-c74bb64ee506/post-purchase-985/assets/cart.js:169
[    4639ms] [LOG] AMP::UPSELLS - Filtered journey upsells PrePurchaseTarget [] @ https://cdn.shopify.com/extensions/019d09ac-8112-7bea-8cdf-c74bb64ee506/post-purchase-985/assets/cart.js:169
[    4769ms] [LOG] AMP::UPSELLS - Journeys ordered by priority PrePurchaseTarget [Object, Object] @ https://cdn.shopify.com/extensions/019d09ac-8112-7bea-8cdf-c74bb64ee506/post-purchase-985/assets/cart.js:169
[    4769ms] [LOG] AMP::UPSELLS - Journeys satisfying conditions PrePurchaseTarget [Object] @ https://cdn.shopify.com/extensions/019d09ac-8112-7bea-8cdf-c74bb64ee506/post-purchase-985/assets/cart.js:169
[    4769ms] [LOG] AMP::UPSELLS - Journeys with offers PrePurchaseTarget [Object] @ https://cdn.shopify.com/extensions/019d09ac-8112-7bea-8cdf-c74bb64ee506/post-purchase-985/assets/cart.js:169
[    4769ms] [LOG] AMP::UPSELLS - Pre filter journey upsells PrePurchaseTarget [] @ https://cdn.shopify.com/extensions/019d09ac-8112-7bea-8cdf-c74bb64ee506/post-purchase-985/assets/cart.js:169
[    4769ms] [LOG] AMP::UPSELLS - Filtered journey upsells PrePurchaseTarget [] @ https://cdn.shopify.com/extensions/019d09ac-8112-7bea-8cdf-c74bb64ee506/post-purchase-985/assets/cart.js:169
[    4990ms] [INFO] Clear-Site-Data header on 'https://www.wolftacticalusa.com/cart/update.js': Cleared data types: "prefetchCache", "prerenderCache". @ https://www.wolftacticalusa.com/products/drop-leg-holster:0
[    5529ms] [LOG] AMP::UPSELLS - Journeys ordered by priority EmbeddedProductTarget [Object, Object] @ https://cdn.shopify.com/extensions/019d09ac-8112-7bea-8cdf-c74bb64ee506/post-purchase-985/assets/embedded-product.js:165
[    5529ms] [LOG] AMP::UPSELLS - Journeys satisfying conditions EmbeddedProductTarget [Object] @ https://cdn.shopify.com/extensions/019d09ac-8112-7bea-8cdf-c74bb64ee506/post-purchase-985/assets/embedded-product.js:165
[    5529ms] [LOG] AMP::UPSELLS - Journeys with offers EmbeddedProductTarget [Object] @ https://cdn.shopify.com/extensions/019d09ac-8112-7bea-8cdf-c74bb64ee506/post-purchase-985/assets/embedded-product.js:165
[    5529ms] [LOG] AMP::UPSELLS - Pre filter journey upsells EmbeddedProductTarget [] @ https://cdn.shopify.com/extensions/019d09ac-8112-7bea-8cdf-c74bb64ee506/post-purchase-985/assets/embedded-product.js:165
[    5529ms] [LOG] AMP::UPSELLS - Filtered journey upsells EmbeddedProductTarget [] @ https://cdn.shopify.com/extensions/019d09ac-8112-7bea-8cdf-c74bb64ee506/post-purchase-985/assets/embedded-product.js:165
[    5562ms] [LOG] %c

📈 Increased conversion rates
📈 Increased average order value
📈 Increased customer lifetime value


Learn more at: https://developers.rebuyengine.com/

 font-size: 14px; @ https://cdn.rebuyengine.com/onsite/js/global.js?build=1781733907:0
[    5568ms] [LOG] Queued campaign for display @ https://cdn-asset.optimonk.com/script.esm/popup-5f673265.js:0
[    5788ms] [LOG] AMP::UPSELLS - Journeys ordered by priority PrePurchaseTarget [Object, Object] @ https://cdn.shopify.com/extensions/019d09ac-8112-7bea-8cdf-c74bb64ee506/post-purchase-985/assets/cart.js:169
[    5789ms] [LOG] AMP::UPSELLS - Journeys satisfying conditions PrePurchaseTarget [Object] @ https://cdn.shopify.com/extensions/019d09ac-8112-7bea-8cdf-c74bb64ee506/post-purchase-985/assets/cart.js:169
[    5789ms] [LOG] AMP::UPSELLS - Journeys with offers PrePurchaseTarget [Object] @ https://cdn.shopify.com/extensions/019d09ac-8112-7bea-8cdf-c74bb64ee506/post-purchase-985/assets/cart.js:169
[    5789ms] [LOG] AMP::UPSELLS - Pre filter journey upsells PrePurchaseTarget [] @ https://cdn.shopify.com/extensions/019d09ac-8112-7bea-8cdf-c74bb64ee506/post-purchase-985/assets/cart.js:169
[    5789ms] [LOG] AMP::UPSELLS - Filtered journey upsells PrePurchaseTarget [] @ https://cdn.shopify.com/extensions/019d09ac-8112-7bea-8cdf-c74bb64ee506/post-purchase-985/assets/cart.js:169
[    5803ms] [INFO] Clear-Site-Data header on 'https://www.wolftacticalusa.com/cart/update.js': Cleared data types: "prefetchCache", "prerenderCache". @ https://www.wolftacticalusa.com/products/drop-leg-holster:0
[    5898ms] [INFO] BOGOS track: offer:sync-quantity:1781765802400 @ https://cdn.shopify.com/extensions/019ecf45-86a5-73ce-8ea9-ab92c7da90dd/freegifts-204/assets/gift.min.js:397
[    5903ms] [INFO] BOGOS track: cart-events [init-page] init-page @ https://cdn.shopify.com/extensions/019ecf45-86a5-73ce-8ea9-ab92c7da90dd/freegifts-204/assets/gift.min.js:397
[    6208ms] [LOG] [PushOwl Web Push Notifications] starting up @ https://cdn.shopify.com/extensions/019ebaeb-6c35-7524-a055-e12a4d7783f1/js-client-298/assets/pushowl-shopify-main.js:0
[    6213ms] [WARNING] Manifest: property 'start_url' ignored, URL is invalid. @ blob:https://www.wolftacticalusa.com/ed0e361c-6f27-47ce-8981-bdc9d67b7eb6:0
[    6213ms] [WARNING] Manifest: property 'scope' ignored, URL is invalid. @ blob:https://www.wolftacticalusa.com/ed0e361c-6f27-47ce-8981-bdc9d67b7eb6:0
[    6240ms] [LOG] AMP::UPSELLS - Journeys ordered by priority EmbeddedProductTarget [Object, Object] @ https://cdn.shopify.com/extensions/019d09ac-8112-7bea-8cdf-c74bb64ee506/post-purchase-985/assets/embedded-product.js:165
[    6241ms] [LOG] AMP::UPSELLS - Journeys satisfying conditions EmbeddedProductTarget [Object] @ https://cdn.shopify.com/extensions/019d09ac-8112-7bea-8cdf-c74bb64ee506/post-purchase-985/assets/embedded-product.js:165
[    6241ms] [LOG] AMP::UPSELLS - Journeys with offers EmbeddedProductTarget [Object] @ https://cdn.shopify.com/extensions/019d09ac-8112-7bea-8cdf-c74bb64ee506/post-purchase-985/assets/embedded-product.js:165
[    6241ms] [LOG] AMP::UPSELLS - Pre filter journey upsells EmbeddedProductTarget [] @ https://cdn.shopify.com/extensions/019d09ac-8112-7bea-8cdf-c74bb64ee506/post-purchase-985/assets/embedded-product.js:165
[    6241ms] [LOG] AMP::UPSELLS - Filtered journey upsells EmbeddedProductTarget [] @ https://cdn.shopify.com/extensions/019d09ac-8112-7bea-8cdf-c74bb64ee506/post-purchase-985/assets/embedded-product.js:165
[    6245ms] [ERROR] Failed to load resource: the server responded with a status of 400 () @ https://rebuyengine.com/api/v1/custom/id/207119?key=f8e05bbdc1ececc2fbc60589e9bf7e8bcc0df5b4&limit=1&url=https%3A%2F%2Fwww.wolftacticalusa.com%2Fproducts%2Fdrop-leg-holster&shopify_product_ids=6865331585124&shopify_variant_ids=&shopify_collection_ids=&shopify_order_ids=&uuid=a4999a90-476a-45a1-9a4b-c93a169123a6&cart_token=hWNDTMycePguhOQ7G7Ff8IZI%3Fkey%3D206ff83ee8fe8a0cab7325de87d36ea3&cart_subtotal=0&cart_count=0&cart_line_count=0&cart_item_count=0&cart%5Btoken%5D=hWNDTMycePguhOQ7G7Ff8IZI%3Fkey%3D206ff83ee8fe8a0cab7325de87d36ea3&cart%5Bsubtotal%5D=0&cart%5Bline_count%5D=0&cart%5Bitem_count%5D=0&cart%5Battributes%5D=%257B%257D&cart%5Bnotes%5D=&cache_key=1781141778&product_groups=yes:0
[    6247ms] [ERROR] 400 : Unable to find a custom_endpoint object using id: 207119 - Error: An error has occurred - non 200 range response: 400
    at Object.callAPI (https://cdn.rebuyengine.com/onsite/js/global.js?build=1781733907:1:322087) {request: Response, response: Object} @ https://cdn.rebuyengine.com/onsite/js/global.js?build=1781733907:0
[    6290ms] [ERROR] Failed to load resource: the server responded with a status of 400 () @ https://rebuyengine.com/api/v1/custom/id/171648?key=f8e05bbdc1ececc2fbc60589e9bf7e8bcc0df5b4&limit=8&url=https%3A%2F%2Fwww.wolftacticalusa.com%2Fproducts%2Fdrop-leg-holster&shopify_product_ids=&shopify_variant_ids=&shopify_collection_ids=&shopify_order_ids=&filter_inputs=no&uuid=a4999a90-476a-45a1-9a4b-c93a169123a6&cart_token=hWNDTMycePguhOQ7G7Ff8IZI%3Fkey%3D206ff83ee8fe8a0cab7325de87d36ea3&cart_subtotal=0&cart_count=0&cart_line_count=0&cart_item_count=0&cart%5Btoken%5D=hWNDTMycePguhOQ7G7Ff8IZI%3Fkey%3D206ff83ee8fe8a0cab7325de87d36ea3&cart%5Bsubtotal%5D=0&cart%5Bline_count%5D=0&cart%5Bitem_count%5D=0&cart%5Battributes%5D=%257B%257D&cart%5Bnotes%5D=&cache_key=1781141778&product_groups=yes:0
[    6293ms] [ERROR] 400 : Unable to find a custom_endpoint object using id: 171648 - Error: An error has occurred - non 200 range response: 400
    at Object.callAPI (https://cdn.rebuyengine.com/onsite/js/global.js?build=1781733907:1:322087) {request: Response, response: Object} @ https://cdn.rebuyengine.com/onsite/js/global.js?build=1781733907:0
[    6313ms] [LOG] Test tracking ga4 @ https://cdn.intelligems.io/esm/d9fbd609e74e/bundle.js:36
[    6324ms] [WARNING] Rebuy JS is already loaded. @ https://cdn.rebuyengine.com/onsite/js/rebuy.js?shop=wolf-tactical-usa.myshopify.com:0
[    6456ms] [LOG] AMP::UPSELLS - Journeys ordered by priority PrePurchaseTarget [Object, Object] @ https://cdn.shopify.com/extensions/019d09ac-8112-7bea-8cdf-c74bb64ee506/post-purchase-985/assets/cart.js:169
[    6456ms] [LOG] AMP::UPSELLS - Journeys satisfying conditions PrePurchaseTarget [Object] @ https://cdn.shopify.com/extensions/019d09ac-8112-7bea-8cdf-c74bb64ee506/post-purchase-985/assets/cart.js:169
[    6456ms] [LOG] AMP::UPSELLS - Journeys with offers PrePurchaseTarget [Object] @ https://cdn.shopify.com/extensions/019d09ac-8112-7bea-8cdf-c74bb64ee506/post-purchase-985/assets/cart.js:169
[    6456ms] [LOG] AMP::UPSELLS - Pre filter journey upsells PrePurchaseTarget [] @ https://cdn.shopify.com/extensions/019d09ac-8112-7bea-8cdf-c74bb64ee506/post-purchase-985/assets/cart.js:169
[    6456ms] [LOG] AMP::UPSELLS - Filtered journey upsells PrePurchaseTarget [] @ https://cdn.shopify.com/extensions/019d09ac-8112-7bea-8cdf-c74bb64ee506/post-purchase-985/assets/cart.js:169
[    6553ms] [INFO] Clear-Site-Data header on 'https://www.wolftacticalusa.com/cart/update.js': Cleared data types: "prefetchCache", "prerenderCache". @ https://www.wolftacticalusa.com/products/drop-leg-holster:0
[    6557ms] [INFO] BOGOS track: cart-events [observer:/cart/update.js] observer:/cart/update.js @ https://cdn.shopify.com/extensions/019ecf45-86a5-73ce-8ea9-ab92c7da90dd/freegifts-204/assets/gift.min.js:397
[    6647ms] [LOG] BOGOS track: product-cached:1781765803149 @ https://cdn.shopify.com/extensions/019ecf45-86a5-73ce-8ea9-ab92c7da90dd/freegifts-204/assets/gift.min.js:397
[    6759ms] [LOG] Rio script tag init @ https://rio.pwztag.com/rio.js?shop=wolf-tactical-usa.myshopify.com:0
[    6856ms] [LOG] affiliatly: running init 52628 @ https://static.affiliatly.com/shopify/v3/shopify.js?affiliatly_code=AF-1052628&s=2&shop=wolf-tactical-usa.myshopify.com:360
[    6856ms] [LOG] setting event @ https://static.affiliatly.com/shopify/v3/shopify.js?affiliatly_code=AF-1052628&s=2&shop=wolf-tactical-usa.myshopify.com:364
[    6857ms] [LOG] affiliatly: load 3 @ https://static.affiliatly.com/shopify/v3/shopify.js?affiliatly_code=AF-1052628&s=2&shop=wolf-tactical-usa.myshopify.com:339
[    6912ms] [LOG] da loaded @ https://cdn.secomapp.com/promotionpopup/cdn/allshops/wolf-tactical-usa/1651599913.js?shop=wolf-tactical-usa.myshopify.com:3
[    6912ms] [LOG] use shop's jquery.. @ https://cdn.secomapp.com/promotionpopup/cdn/allshops/wolf-tactical-usa/1651599913.js?shop=wolf-tactical-usa.myshopify.com:4
[    7150ms] [LOG] AMP::UPSELLS - Journeys ordered by priority EmbeddedProductTarget [Object, Object] @ https://cdn.shopify.com/extensions/019d09ac-8112-7bea-8cdf-c74bb64ee506/post-purchase-985/assets/embedded-product.js:165
[    7150ms] [LOG] AMP::UPSELLS - Journeys satisfying conditions EmbeddedProductTarget [Object] @ https://cdn.shopify.com/extensions/019d09ac-8112-7bea-8cdf-c74bb64ee506/post-purchase-985/assets/embedded-product.js:165
[    7151ms] [LOG] AMP::UPSELLS - Journeys with offers EmbeddedProductTarget [Object] @ https://cdn.shopify.com/extensions/019d09ac-8112-7bea-8cdf-c74bb64ee506/post-purchase-985/assets/embedded-product.js:165
[    7151ms] [LOG] AMP::UPSELLS - Pre filter journey upsells EmbeddedProductTarget [] @ https://cdn.shopify.com/extensions/019d09ac-8112-7bea-8cdf-c74bb64ee506/post-purchase-985/assets/embedded-product.js:165
[    7151ms] [LOG] AMP::UPSELLS - Filtered journey upsells EmbeddedProductTarget [] @ https://cdn.shopify.com/extensions/019d09ac-8112-7bea-8cdf-c74bb64ee506/post-purchase-985/assets/embedded-product.js:165
[    7151ms] [LOG] AMP::UPSELLS - Journeys ordered by priority PrePurchaseTarget [Object, Object] @ https://cdn.shopify.com/extensions/019d09ac-8112-7bea-8cdf-c74bb64ee506/post-purchase-985/assets/cart.js:169
[    7151ms] [LOG] AMP::UPSELLS - Journeys satisfying conditions PrePurchaseTarget [Object] @ https://cdn.shopify.com/extensions/019d09ac-8112-7bea-8cdf-c74bb64ee506/post-purchase-985/assets/cart.js:169
[    7151ms] [LOG] AMP::UPSELLS - Journeys with offers PrePurchaseTarget [Object] @ https://cdn.shopify.com/extensions/019d09ac-8112-7bea-8cdf-c74bb64ee506/post-purchase-985/assets/cart.js:169
[    7152ms] [LOG] AMP::UPSELLS - Pre filter journey upsells PrePurchaseTarget [] @ https://cdn.shopify.com/extensions/019d09ac-8112-7bea-8cdf-c74bb64ee506/post-purchase-985/assets/cart.js:169
[    7152ms] [LOG] AMP::UPSELLS - Filtered journey upsells PrePurchaseTarget [] @ https://cdn.shopify.com/extensions/019d09ac-8112-7bea-8cdf-c74bb64ee506/post-purchase-985/assets/cart.js:169
[    7257ms] [INFO] k-web-pixel-version 1 @ https://www.wolftacticalusa.com/web-pixels/strict/app/web-pixel-1482588260@524f6c1ee37bacdca7657a665bdca589.js:0
[    7573ms] [LOG] 200 @ https://www.wolftacticalusa.com/web-pixels/strict/app/web-pixel-214564964@ff1cb5adf8c66f15aefd474481ee1647.js:0
[    8300ms] [INFO] Clear-Site-Data header on 'https://www.wolftacticalusa.com/cart/update.js': Cleared data types: "prefetchCache", "prerenderCache". @ https://www.wolftacticalusa.com/products/drop-leg-holster:0
[    8302ms] [INFO] BOGOS track: cart-events without update [fetch-override:/cart/update.js] fetch-override:/cart/update.js @ https://cdn.shopify.com/extensions/019ecf45-86a5-73ce-8ea9-ab92c7da90dd/freegifts-204/assets/gift.min.js:397
[    8564ms] [LOG] Queued campaign for display @ https://cdn-asset.optimonk.com/script.esm/popup-5f673265.js:0
[    8617ms] [LOG] AMP::UPSELLS - Journeys ordered by priority EmbeddedProductTarget [Object, Object] @ https://cdn.shopify.com/extensions/019d09ac-8112-7bea-8cdf-c74bb64ee506/post-purchase-985/assets/embedded-product.js:165
[    8618ms] [LOG] AMP::UPSELLS - Journeys satisfying conditions EmbeddedProductTarget [Object] @ https://cdn.shopify.com/extensions/019d09ac-8112-7bea-8cdf-c74bb64ee506/post-purchase-985/assets/embedded-product.js:165
[    8618ms] [LOG] AMP::UPSELLS - Journeys with offers EmbeddedProductTarget [Object] @ https://cdn.shopify.com/extensions/019d09ac-8112-7bea-8cdf-c74bb64ee506/post-purchase-985/assets/embedded-product.js:165
[    8618ms] [LOG] AMP::UPSELLS - Pre filter journey upsells EmbeddedProductTarget [] @ https://cdn.shopify.com/extensions/019d09ac-8112-7bea-8cdf-c74bb64ee506/post-purchase-985/assets/embedded-product.js:165
[    8618ms] [LOG] AMP::UPSELLS - Filtered journey upsells EmbeddedProductTarget [] @ https://cdn.shopify.com/extensions/019d09ac-8112-7bea-8cdf-c74bb64ee506/post-purchase-985/assets/embedded-product.js:165
[    8751ms] [LOG] AMP::UPSELLS - Journeys ordered by priority PrePurchaseTarget [Object, Object] @ https://cdn.shopify.com/extensions/019d09ac-8112-7bea-8cdf-c74bb64ee506/post-purchase-985/assets/cart.js:169
[    8752ms] [LOG] AMP::UPSELLS - Journeys satisfying conditions PrePurchaseTarget [Object] @ https://cdn.shopify.com/extensions/019d09ac-8112-7bea-8cdf-c74bb64ee506/post-purchase-985/assets/cart.js:169
[    8752ms] [LOG] AMP::UPSELLS - Journeys with offers PrePurchaseTarget [Object] @ https://cdn.shopify.com/extensions/019d09ac-8112-7bea-8cdf-c74bb64ee506/post-purchase-985/assets/cart.js:169
[    8752ms] [LOG] AMP::UPSELLS - Pre filter journey upsells PrePurchaseTarget [] @ https://cdn.shopify.com/extensions/019d09ac-8112-7bea-8cdf-c74bb64ee506/post-purchase-985/assets/cart.js:169
[    8752ms] [LOG] AMP::UPSELLS - Filtered journey upsells PrePurchaseTarget [] @ https://cdn.shopify.com/extensions/019d09ac-8112-7bea-8cdf-c74bb64ee506/post-purchase-985/assets/cart.js:169
